

================================================================
== Vivado HLS Report for 'svm'
================================================================
* Date:           Thu Jul 15 16:36:48 2021

* Version:        2018.2 (Build 2258646 on Thu Jun 14 20:25:20 MDT 2018)
* Project:        hls2-svm
* Solution:       solution2
* Product family: zynq
* Target device:  xc7z020clg484-1


================================================================
== Performance Estimates
================================================================
+ Timing (ns): 
    * Summary: 
    +--------+-------+----------+------------+
    |  Clock | Target| Estimated| Uncertainty|
    +--------+-------+----------+------------+
    |ap_clk  |  10.00|     9.379|        1.25|
    +--------+-------+----------+------------+

+ Latency (clock cycles): 
    * Summary: 
    +--------+--------+--------+--------+---------+
    |     Latency     |     Interval    | Pipeline|
    |   min  |   max  |   min  |   max  |   Type  |
    +--------+--------+--------+--------+---------+
    |  188189|  188189|  188189|  188189|   none  |
    +--------+--------+--------+--------+---------+

    + Detail: 
        * Instance: 
        N/A

        * Loop: 
        +-------------------+--------+--------+----------+-----------+-----------+------+----------+
        |                   |     Latency     | Iteration|  Initiation Interval  | Trip |          |
        |     Loop Name     |   min  |   max  |  Latency |  achieved |   target  | Count| Pipelined|
        +-------------------+--------+--------+----------+-----------+-----------+------+----------+
        |- Sum_Outter_Loop  |  188188|  188188|       154|          -|          -|  1222|    no    |
        | + Sum_Inner_Loop  |     112|     112|        56|          -|          -|     2|    no    |
        +-------------------+--------+--------+----------+-----------+-----------+------+----------+



================================================================
== Utilization Estimates
================================================================
* Summary: 
+-----------------+---------+-------+--------+-------+
|       Name      | BRAM_18K| DSP48E|   FF   |  LUT  |
+-----------------+---------+-------+--------+-------+
|DSP              |        -|      -|       -|      -|
|Expression       |        -|      -|       0|    450|
|FIFO             |        -|      -|       -|      -|
|Instance         |        -|     45|    2889|   5644|
|Memory           |       68|      -|       0|      0|
|Multiplexer      |        -|      -|       -|    708|
|Register         |        -|      -|     700|      -|
+-----------------+---------+-------+--------+-------+
|Total            |       68|     45|    3589|   6802|
+-----------------+---------+-------+--------+-------+
|Available        |      280|    220|  106400|  53200|
+-----------------+---------+-------+--------+-------+
|Utilization (%)  |       24|     20|       3|     12|
+-----------------+---------+-------+--------+-------+

+ Detail: 
    * Instance: 
    +-------------------------+----------------------+---------+-------+------+------+
    |         Instance        |        Module        | BRAM_18K| DSP48E|  FF  |  LUT |
    +-------------------------+----------------------+---------+-------+------+------+
    |svm_dadd_64ns_64neOg_U4  |svm_dadd_64ns_64neOg  |        0|      3|   445|  1149|
    |svm_dcmp_64ns_64ng8j_U6  |svm_dcmp_64ns_64ng8j  |        0|      0|   130|   469|
    |svm_dexp_64ns_64nhbi_U7  |svm_dexp_64ns_64nhbi  |        0|     26|  1549|  2599|
    |svm_dmul_64ns_64nfYi_U5  |svm_dmul_64ns_64nfYi  |        0|     11|   317|   578|
    |svm_faddfsub_32nsbkb_U1  |svm_faddfsub_32nsbkb  |        0|      2|   205|   390|
    |svm_fmul_32ns_32ncud_U2  |svm_fmul_32ns_32ncud  |        0|      3|   143|   321|
    |svm_fpext_32ns_64dEe_U3  |svm_fpext_32ns_64dEe  |        0|      0|   100|   138|
    +-------------------------+----------------------+---------+-------+------+------+
    |Total                    |                      |        0|     45|  2889|  5644|
    +-------------------------+----------------------+---------+-------+------+------+

    * DSP48: 
    N/A

    * Memory: 
    +----------+------------+---------+---+----+-------+-----+------+-------------+
    |  Memory  |   Module   | BRAM_18K| FF| LUT| Words | Bits| Banks| W*Bits*Banks|
    +----------+------------+---------+---+----+-------+-----+------+-------------+
    |Co_U      |svm_Co      |        4|  0|   0|   1222|   32|     1|        39104|
    |SupVec_U  |svm_SupVec  |       64|  0|   0|  21996|   32|     1|       703872|
    +----------+------------+---------+---+----+-------+-----+------+-------------+
    |Total     |            |       68|  0|   0|  23218|   64|     2|       742976|
    +----------+------------+---------+---+----+-------+-----+------+-------------+

    * FIFO: 
    N/A

    * Expression: 
    +---------------------+----------+-------+---+----+------------+------------+
    |    Variable Name    | Operation| DSP48E| FF| LUT| Bitwidth P0| Bitwidth P1|
    +---------------------+----------+-------+---+----+------------+------------+
    |i_1_fu_395_p2        |     +    |      0|  0|  13|          11|           1|
    |j_1_1_fu_536_p2      |     +    |      0|  0|  15|           5|           2|
    |j_1_2_fu_561_p2      |     +    |      0|  0|  15|           5|           2|
    |j_1_3_fu_586_p2      |     +    |      0|  0|  15|           5|           3|
    |j_1_4_fu_611_p2      |     +    |      0|  0|  15|           5|           3|
    |j_1_5_fu_636_p2      |     +    |      0|  0|  15|           5|           3|
    |j_1_6_fu_661_p2      |     +    |      0|  0|  15|           5|           3|
    |j_1_7_fu_686_p2      |     +    |      0|  0|  15|           5|           4|
    |j_1_8_fu_711_p2      |     +    |      0|  0|  15|           5|           4|
    |j_1_fu_511_p2        |     +    |      0|  0|  15|           5|           1|
    |tmp_16_fu_429_p2     |     +    |      0|  0|  23|          16|          16|
    |tmp_17_fu_501_p2     |     +    |      0|  0|  23|          16|          16|
    |tmp_18_fu_526_p2     |     +    |      0|  0|  23|          16|          16|
    |tmp_19_fu_551_p2     |     +    |      0|  0|  23|          16|          16|
    |tmp_20_fu_576_p2     |     +    |      0|  0|  23|          16|          16|
    |tmp_21_fu_601_p2     |     +    |      0|  0|  23|          16|          16|
    |tmp_22_fu_626_p2     |     +    |      0|  0|  23|          16|          16|
    |tmp_23_fu_651_p2     |     +    |      0|  0|  23|          16|          16|
    |tmp_24_fu_676_p2     |     +    |      0|  0|  23|          16|          16|
    |tmp_25_fu_701_p2     |     +    |      0|  0|  23|          16|          16|
    |tmp_13_fu_471_p2     |    and   |      0|  0|   2|           1|           1|
    |exitcond1_fu_389_p2  |   icmp   |      0|  0|  13|          11|          11|
    |exitcond_fu_486_p2   |   icmp   |      0|  0|  11|           5|           5|
    |notlhs_fu_453_p2     |   icmp   |      0|  0|  13|          11|           2|
    |notrhs_fu_459_p2     |   icmp   |      0|  0|  29|          52|           1|
    |tmp_11_fu_465_p2     |    or    |      0|  0|   2|           1|           1|
    |class_hw             |  select  |      0|  0|   2|           1|           1|
    +---------------------+----------+-------+---+----+------------+------------+
    |Total                |          |      0|  0| 450|         298|         208|
    +---------------------+----------+-------+---+----+------------+------------+

    * Multiplexer: 
    +-------------------+-----+-----------+-----+-----------+
    |        Name       | LUT | Input Size| Bits| Total Bits|
    +-------------------+-----+-----------+-----+-----------+
    |SupVec_address0    |   47|         10|   15|        150|
    |ap_NS_fsm          |  437|         99|    1|         99|
    |grp_fu_315_opcode  |   15|          3|    2|          6|
    |grp_fu_315_p0      |   21|          4|   32|        128|
    |grp_fu_315_p1      |   15|          3|   32|         96|
    |grp_fu_320_p0      |   15|          3|   32|         96|
    |grp_fu_320_p1      |   15|          3|   32|         96|
    |grp_fu_324_p0      |   15|          3|   32|         96|
    |grp_fu_328_p0      |   15|          3|   64|        192|
    |grp_fu_328_p1      |   15|          3|   64|        192|
    |grp_fu_334_p1      |   15|          3|   64|        192|
    |i_reg_280          |    9|          2|   11|         22|
    |j_reg_303          |    9|          2|    5|         10|
    |norm_reg_291       |    9|          2|   32|         64|
    |sum_reg_268        |    9|          2|   64|        128|
    |x_address0         |   47|         10|    5|         50|
    +-------------------+-----+-----------+-----+-----------+
    |Total              |  708|        155|  487|       1617|
    +-------------------+-----+-----------+-----+-----------+

    * Register: 
    +------------------+----+----+-----+-----------+
    |       Name       | FF | LUT| Bits| Const Bits|
    +------------------+----+----+-----+-----------+
    |Co_load_reg_851   |  32|   0|   32|          0|
    |ap_CS_fsm         |  98|   0|   98|          0|
    |i_1_reg_720       |  11|   0|   11|          0|
    |i_reg_280         |  11|   0|   11|          0|
    |j_1_8_reg_841     |   5|   0|    5|          0|
    |j_reg_303         |   5|   0|    5|          0|
    |norm_reg_291      |  32|   0|   32|          0|
    |reg_350           |  64|   0|   64|          0|
    |reg_355           |  32|   0|   32|          0|
    |reg_360           |  32|   0|   32|          0|
    |reg_365           |  32|   0|   32|          0|
    |reg_372           |  32|   0|   32|          0|
    |reg_377           |  32|   0|   32|          0|
    |reg_383           |  64|   0|   64|          0|
    |sum_reg_268       |  64|   0|   64|          0|
    |tmp_16_reg_730    |  15|   0|   16|          1|
    |tmp_1_reg_725     |  11|   0|   64|         53|
    |tmp_5_13_reg_856  |  64|   0|   64|          0|
    |tmp_7_15_reg_861  |  64|   0|   64|          0|
    +------------------+----+----+-----+-----------+
    |Total             | 700|   0|  754|         54|
    +------------------+----+----+-----+-----------+



================================================================
== Interface
================================================================
* Summary: 
+-----------------+-----+-----+------------+--------------+--------------+
|    RTL Ports    | Dir | Bits|  Protocol  | Source Object|    C Type    |
+-----------------+-----+-----+------------+--------------+--------------+
|ap_clk           |  in |    1| ap_ctrl_hs |      svm     | return value |
|ap_rst           |  in |    1| ap_ctrl_hs |      svm     | return value |
|ap_start         |  in |    1| ap_ctrl_hs |      svm     | return value |
|ap_done          | out |    1| ap_ctrl_hs |      svm     | return value |
|ap_idle          | out |    1| ap_ctrl_hs |      svm     | return value |
|ap_ready         | out |    1| ap_ctrl_hs |      svm     | return value |
|class_hw         | out |   16|   ap_vld   |   class_hw   |    pointer   |
|class_hw_ap_vld  | out |    1|   ap_vld   |   class_hw   |    pointer   |
|x_address0       | out |    5|  ap_memory |       x      |     array    |
|x_ce0            | out |    1|  ap_memory |       x      |     array    |
|x_q0             |  in |   32|  ap_memory |       x      |     array    |
+-----------------+-----+-----+------------+--------------+--------------+

