

================================================================
== Vivado HLS Report for 'svm'
================================================================
* Date:           Thu Jul 15 16:35:21 2021

* Version:        2018.2 (Build 2258646 on Thu Jun 14 20:25:20 MDT 2018)
* Project:        hls2-svm
* Solution:       solution1
* Product family: zynq
* Target device:  xc7z020clg484-1


================================================================
== Performance Estimates
================================================================
+ Timing (ns): 
    * Summary: 
    +--------+-------+----------+------------+
    |  Clock | Target| Estimated| Uncertainty|
    +--------+-------+----------+------------+
    |ap_clk  |  10.00|     8.232|        1.25|
    +--------+-------+----------+------------+

+ Latency (clock cycles): 
    * Summary: 
    +--------+--------+--------+--------+---------+
    |     Latency     |     Interval    | Pipeline|
    |   min  |   max  |   min  |   max  |   Type  |
    +--------+--------+--------+--------+---------+
    |  403261|  403261|  403261|  403261|   none  |
    +--------+--------+--------+--------+---------+

    + Detail: 
        * Instance: 
        N/A

        * Loop: 
        +-------------------+--------+--------+----------+-----------+-----------+------+----------+
        |                   |     Latency     | Iteration|  Initiation Interval  | Trip |          |
        |     Loop Name     |   min  |   max  |  Latency |  achieved |   target  | Count| Pipelined|
        +-------------------+--------+--------+----------+-----------+-----------+------+----------+
        |- Sum_Outter_Loop  |  403260|  403260|       330|          -|          -|  1222|    no    |
        | + Sum_Inner_Loop  |     288|     288|        16|          -|          -|    18|    no    |
        +-------------------+--------+--------+----------+-----------+-----------+------+----------+



================================================================
== Utilization Estimates
================================================================
* Summary: 
+-----------------+---------+-------+--------+-------+
|       Name      | BRAM_18K| DSP48E|   FF   |  LUT  |
+-----------------+---------+-------+--------+-------+
|DSP              |        -|      -|       -|      -|
|Expression       |        -|      -|       0|    146|
|FIFO             |        -|      -|       -|      -|
|Instance         |        -|     45|    2889|   5644|
|Memory           |       68|      -|       0|      0|
|Multiplexer      |        -|      -|       -|    394|
|Register         |        -|      -|     628|      -|
+-----------------+---------+-------+--------+-------+
|Total            |       68|     45|    3517|   6184|
+-----------------+---------+-------+--------+-------+
|Available        |      280|    220|  106400|  53200|
+-----------------+---------+-------+--------+-------+
|Utilization (%)  |       24|     20|       3|     11|
+-----------------+---------+-------+--------+-------+

+ Detail: 
    * Instance: 
    +-------------------------+----------------------+---------+-------+------+------+
    |         Instance        |        Module        | BRAM_18K| DSP48E|  FF  |  LUT |
    +-------------------------+----------------------+---------+-------+------+------+
    |svm_dadd_64ns_64neOg_U4  |svm_dadd_64ns_64neOg  |        0|      3|   445|  1149|
    |svm_dcmp_64ns_64ng8j_U6  |svm_dcmp_64ns_64ng8j  |        0|      0|   130|   469|
    |svm_dexp_64ns_64nhbi_U7  |svm_dexp_64ns_64nhbi  |        0|     26|  1549|  2599|
    |svm_dmul_64ns_64nfYi_U5  |svm_dmul_64ns_64nfYi  |        0|     11|   317|   578|
    |svm_faddfsub_32nsbkb_U1  |svm_faddfsub_32nsbkb  |        0|      2|   205|   390|
    |svm_fmul_32ns_32ncud_U2  |svm_fmul_32ns_32ncud  |        0|      3|   143|   321|
    |svm_fpext_32ns_64dEe_U3  |svm_fpext_32ns_64dEe  |        0|      0|   100|   138|
    +-------------------------+----------------------+---------+-------+------+------+
    |Total                    |                      |        0|     45|  2889|  5644|
    +-------------------------+----------------------+---------+-------+------+------+

    * DSP48: 
    N/A

    * Memory: 
    +----------+------------+---------+---+----+-------+-----+------+-------------+
    |  Memory  |   Module   | BRAM_18K| FF| LUT| Words | Bits| Banks| W*Bits*Banks|
    +----------+------------+---------+---+----+-------+-----+------+-------------+
    |Co_U      |svm_Co      |        4|  0|   0|   1222|   32|     1|        39104|
    |SupVec_U  |svm_SupVec  |       64|  0|   0|  21996|   32|     1|       703872|
    +----------+------------+---------+---+----+-------+-----+------+-------------+
    |Total     |            |       68|  0|   0|  23218|   64|     2|       742976|
    +----------+------------+---------+---+----+-------+-----+------+-------------+

    * FIFO: 
    N/A

    * Expression: 
    +---------------------+----------+-------+---+----+------------+------------+
    |    Variable Name    | Operation| DSP48E| FF| LUT| Bitwidth P0| Bitwidth P1|
    +---------------------+----------+-------+---+----+------------+------------+
    |i_1_fu_222_p2        |     +    |      0|  0|  13|          11|           1|
    |j_1_fu_319_p2        |     +    |      0|  0|  15|           5|           1|
    |tmp_16_fu_256_p2     |     +    |      0|  0|  23|          16|          16|
    |tmp_17_fu_334_p2     |     +    |      0|  0|  23|          16|          16|
    |tmp_13_fu_298_p2     |    and   |      0|  0|   2|           1|           1|
    |exitcond1_fu_216_p2  |   icmp   |      0|  0|  13|          11|          11|
    |exitcond_fu_313_p2   |   icmp   |      0|  0|  11|           5|           5|
    |notlhs_fu_280_p2     |   icmp   |      0|  0|  13|          11|           2|
    |notrhs_fu_286_p2     |   icmp   |      0|  0|  29|          52|           1|
    |tmp_11_fu_292_p2     |    or    |      0|  0|   2|           1|           1|
    |class_hw             |  select  |      0|  0|   2|           1|           1|
    +---------------------+----------+-------+---+----+------------+------------+
    |Total                |          |      0|  0| 146|         130|          56|
    +---------------------+----------+-------+---+----+------------+------------+

    * Multiplexer: 
    +-------------------+-----+-----------+-----+-----------+
    |        Name       | LUT | Input Size| Bits| Total Bits|
    +-------------------+-----+-----------+-----+-----------+
    |ap_NS_fsm          |  253|         59|    1|         59|
    |grp_fu_170_opcode  |   15|          3|    2|          6|
    |grp_fu_170_p0      |   15|          3|   32|         96|
    |grp_fu_170_p1      |   15|          3|   32|         96|
    |grp_fu_179_p0      |   15|          3|   32|         96|
    |grp_fu_183_p0      |   15|          3|   64|        192|
    |grp_fu_183_p1      |   15|          3|   64|        192|
    |grp_fu_189_p1      |   15|          3|   64|        192|
    |i_reg_136          |    9|          2|   11|         22|
    |j_reg_159          |    9|          2|    5|         10|
    |norm_reg_147       |    9|          2|   32|         64|
    |sum_reg_124        |    9|          2|   64|        128|
    +-------------------+-----+-----------+-----+-----------+
    |Total              |  394|         88|  403|       1153|
    +-------------------+-----+-----------+-----+-----------+

    * Register: 
    +---------------------+----+----+-----+-----------+
    |         Name        | FF | LUT| Bits| Const Bits|
    +---------------------+----+----+-----+-----------+
    |Co_load_reg_411      |  32|   0|   32|          0|
    |SupVec_load_reg_390  |  32|   0|   32|          0|
    |ap_CS_fsm            |  58|   0|   58|          0|
    |dif_reg_395          |  32|   0|   32|          0|
    |i_1_reg_347          |  11|   0|   11|          0|
    |i_reg_136            |  11|   0|   11|          0|
    |j_1_reg_365          |   5|   0|    5|          0|
    |j_reg_159            |   5|   0|    5|          0|
    |norm_reg_147         |  32|   0|   32|          0|
    |reg_205              |  64|   0|   64|          0|
    |reg_210              |  64|   0|   64|          0|
    |sum_reg_124          |  64|   0|   64|          0|
    |tmp_16_reg_357       |  15|   0|   16|          1|
    |tmp_1_reg_352        |  11|   0|   64|         53|
    |tmp_5_reg_416        |  64|   0|   64|          0|
    |tmp_7_reg_421        |  64|   0|   64|          0|
    |tmp_8_reg_401        |  32|   0|   32|          0|
    |x_load_reg_385       |  32|   0|   32|          0|
    +---------------------+----+----+-----+-----------+
    |Total                | 628|   0|  682|         54|
    +---------------------+----+----+-----+-----------+



================================================================
== Interface
================================================================
* Summary: 
+-----------------+-----+-----+------------+--------------+--------------+
|    RTL Ports    | Dir | Bits|  Protocol  | Source Object|    C Type    |
+-----------------+-----+-----+------------+--------------+--------------+
|ap_clk           |  in |    1| ap_ctrl_hs |      svm     | return value |
|ap_rst           |  in |    1| ap_ctrl_hs |      svm     | return value |
|ap_start         |  in |    1| ap_ctrl_hs |      svm     | return value |
|ap_done          | out |    1| ap_ctrl_hs |      svm     | return value |
|ap_idle          | out |    1| ap_ctrl_hs |      svm     | return value |
|ap_ready         | out |    1| ap_ctrl_hs |      svm     | return value |
|class_hw         | out |   16|   ap_vld   |   class_hw   |    pointer   |
|class_hw_ap_vld  | out |    1|   ap_vld   |   class_hw   |    pointer   |
|x_address0       | out |    5|  ap_memory |       x      |     array    |
|x_ce0            | out |    1|  ap_memory |       x      |     array    |
|x_q0             |  in |   32|  ap_memory |       x      |     array    |
+-----------------+-----+-----+------------+--------------+--------------+

============================================================
+ Verbose Summary: Synthesis Manager
============================================================
InlineROM: 1
ExposeGlobal: 0
============================================================
+ Verbose Summary: CDFG Model
============================================================
IsTopModel: 1
ResetActiveHigh: 1
IsCombinational: 2
IsDatapathOnly: 2
HasWiredReturn: 1
HasMFsm: 0
HasVarLatency: 1
IsPipeline: 0
IsRtlPipelined: 0
IsInstanceOverlapped: 0
IsDontTouch: 0
HasImplIP: 0
IsGatedGlobalClock: 0


============================================================
+ Verbose Summary: Schedule
============================================================
* Number of FSM states : 58
* Pipeline : 0
* Dataflow Pipeline: 0

* FSM state transitions: 
1 --> 
	2  / true
2 --> 
	3  / (!exitcond1)
3 --> 
	4  / (!exitcond)
	19  / (exitcond)
4 --> 
	5  / true
5 --> 
	6  / true
6 --> 
	7  / true
7 --> 
	8  / true
8 --> 
	9  / true
9 --> 
	10  / true
10 --> 
	11  / true
11 --> 
	12  / true
12 --> 
	13  / true
13 --> 
	14  / true
14 --> 
	15  / true
15 --> 
	16  / true
16 --> 
	17  / true
17 --> 
	18  / true
18 --> 
	3  / true
19 --> 
	20  / true
20 --> 
	21  / true
21 --> 
	22  / true
22 --> 
	23  / true
23 --> 
	24  / true
24 --> 
	25  / true
25 --> 
	26  / true
26 --> 
	27  / true
27 --> 
	28  / true
28 --> 
	29  / true
29 --> 
	30  / true
30 --> 
	31  / true
31 --> 
	32  / true
32 --> 
	33  / true
33 --> 
	34  / true
34 --> 
	35  / true
35 --> 
	36  / true
36 --> 
	37  / true
37 --> 
	38  / true
38 --> 
	39  / true
39 --> 
	40  / true
40 --> 
	41  / true
41 --> 
	42  / true
42 --> 
	43  / true
43 --> 
	44  / true
44 --> 
	45  / true
45 --> 
	46  / true
46 --> 
	47  / true
47 --> 
	48  / true
48 --> 
	49  / true
49 --> 
	50  / true
50 --> 
	51  / true
51 --> 
	52  / true
52 --> 
	53  / true
53 --> 
	54  / true
54 --> 
	55  / true
55 --> 
	56  / true
56 --> 
	57  / true
57 --> 
	58  / true
58 --> 
	2  / true

* FSM state operations: 

State 1 <SV = 0> <Delay = 1.76>
ST_1 : Operation 59 [1/1] (0.00ns)   --->   "call void (...)* @_ssdm_op_SpecBitsMap(i16* %class_hw) nounwind, !map !14"   --->   Operation 59 'specbitsmap' <Predicate = true> <Delay = 0.00>
ST_1 : Operation 60 [1/1] (0.00ns)   --->   "call void (...)* @_ssdm_op_SpecBitsMap([18 x float]* %x) nounwind, !map !18"   --->   Operation 60 'specbitsmap' <Predicate = true> <Delay = 0.00>
ST_1 : Operation 61 [1/1] (0.00ns)   --->   "call void (...)* @_ssdm_op_SpecTopModule([4 x i8]* @svm_str) nounwind"   --->   Operation 61 'spectopmodule' <Predicate = true> <Delay = 0.00>
ST_1 : Operation 62 [1/1] (1.76ns)   --->   "br label %1" [svm.cpp:27]   --->   Operation 62 'br' <Predicate = true> <Delay = 1.76>

State 2 <SV = 1> <Delay = 7.81>
ST_2 : Operation 63 [1/1] (0.00ns)   --->   "%sum = phi double [ 0.000000e+00, %0 ], [ %sum_1, %5 ]"   --->   Operation 63 'phi' 'sum' <Predicate = true> <Delay = 0.00>
ST_2 : Operation 64 [1/1] (0.00ns)   --->   "%i = phi i11 [ 0, %0 ], [ %i_1, %5 ]"   --->   Operation 64 'phi' 'i' <Predicate = true> <Delay = 0.00>
ST_2 : Operation 65 [1/1] (1.88ns)   --->   "%exitcond1 = icmp eq i11 %i, -826" [svm.cpp:27]   --->   Operation 65 'icmp' 'exitcond1' <Predicate = true> <Delay = 1.88> <Core = "Cmp">   --->   Core 25 'Cmp' <Latency = 0> <II = 1> <Delay = 2.89> <FuncUnit> <Opcode : 'icmp'> <InPorts = 2> <OutPorts = 1>
ST_2 : Operation 66 [1/1] (0.00ns)   --->   "%empty = call i32 (...)* @_ssdm_op_SpecLoopTripCount(i64 1222, i64 1222, i64 1222) nounwind"   --->   Operation 66 'speclooptripcount' 'empty' <Predicate = true> <Delay = 0.00>
ST_2 : Operation 67 [1/1] (1.63ns)   --->   "%i_1 = add i11 %i, 1" [svm.cpp:27]   --->   Operation 67 'add' 'i_1' <Predicate = true> <Delay = 1.63> <Core = "AddSub">   --->   Core 14 'AddSub' <Latency = 0> <II = 1> <Delay = 2.07> <FuncUnit> <Opcode : 'add' 'sub'> <InPorts = 2> <OutPorts = 1>
ST_2 : Operation 68 [1/1] (0.00ns)   --->   "br i1 %exitcond1, label %6, label %2" [svm.cpp:27]   --->   Operation 68 'br' <Predicate = true> <Delay = 0.00>
ST_2 : Operation 69 [1/1] (0.00ns)   --->   "call void (...)* @_ssdm_op_SpecLoopName([16 x i8]* @p_str) nounwind" [svm.cpp:28]   --->   Operation 69 'specloopname' <Predicate = (!exitcond1)> <Delay = 0.00>
ST_2 : Operation 70 [1/1] (0.00ns)   --->   "%tmp_9 = call i32 (...)* @_ssdm_op_SpecRegionBegin([16 x i8]* @p_str) nounwind" [svm.cpp:28]   --->   Operation 70 'specregionbegin' 'tmp_9' <Predicate = (!exitcond1)> <Delay = 0.00>
ST_2 : Operation 71 [1/1] (0.00ns)   --->   "%tmp_1 = zext i11 %i to i64" [svm.cpp:35]   --->   Operation 71 'zext' 'tmp_1' <Predicate = (!exitcond1)> <Delay = 0.00>
ST_2 : Operation 72 [1/1] (0.00ns)   --->   "%tmp_14 = call i15 @_ssdm_op_BitConcatenate.i15.i11.i4(i11 %i, i4 0)" [svm.cpp:27]   --->   Operation 72 'bitconcatenate' 'tmp_14' <Predicate = (!exitcond1)> <Delay = 0.00>
ST_2 : Operation 73 [1/1] (0.00ns)   --->   "%p_shl_cast = zext i15 %tmp_14 to i16" [svm.cpp:27]   --->   Operation 73 'zext' 'p_shl_cast' <Predicate = (!exitcond1)> <Delay = 0.00>
ST_2 : Operation 74 [1/1] (0.00ns)   --->   "%tmp_15 = call i12 @_ssdm_op_BitConcatenate.i12.i11.i1(i11 %i, i1 false)" [svm.cpp:27]   --->   Operation 74 'bitconcatenate' 'tmp_15' <Predicate = (!exitcond1)> <Delay = 0.00>
ST_2 : Operation 75 [1/1] (0.00ns)   --->   "%p_shl1_cast = zext i12 %tmp_15 to i16" [svm.cpp:35]   --->   Operation 75 'zext' 'p_shl1_cast' <Predicate = (!exitcond1)> <Delay = 0.00>
ST_2 : Operation 76 [1/1] (1.94ns)   --->   "%tmp_16 = add i16 %p_shl1_cast, %p_shl_cast" [svm.cpp:35]   --->   Operation 76 'add' 'tmp_16' <Predicate = (!exitcond1)> <Delay = 1.94> <Core = "AddSub">   --->   Core 14 'AddSub' <Latency = 0> <II = 1> <Delay = 2.07> <FuncUnit> <Opcode : 'add' 'sub'> <InPorts = 2> <OutPorts = 1>
ST_2 : Operation 77 [1/1] (1.76ns)   --->   "br label %3" [svm.cpp:32]   --->   Operation 77 'br' <Predicate = (!exitcond1)> <Delay = 1.76>
ST_2 : Operation 78 [1/1] (0.00ns)   --->   "%sum_to_int = bitcast double %sum to i64" [svm.cpp:66]   --->   Operation 78 'bitcast' 'sum_to_int' <Predicate = (exitcond1)> <Delay = 0.00>
ST_2 : Operation 79 [1/1] (0.00ns)   --->   "%tmp = call i11 @_ssdm_op_PartSelect.i11.i64.i32.i32(i64 %sum_to_int, i32 52, i32 62)" [svm.cpp:66]   --->   Operation 79 'partselect' 'tmp' <Predicate = (exitcond1)> <Delay = 0.00>
ST_2 : Operation 80 [1/1] (0.00ns)   --->   "%tmp_10 = trunc i64 %sum_to_int to i52" [svm.cpp:66]   --->   Operation 80 'trunc' 'tmp_10' <Predicate = (exitcond1)> <Delay = 0.00>
ST_2 : Operation 81 [1/1] (1.88ns)   --->   "%notlhs = icmp ne i11 %tmp, -1" [svm.cpp:66]   --->   Operation 81 'icmp' 'notlhs' <Predicate = (exitcond1)> <Delay = 1.88> <Core = "Cmp">   --->   Core 25 'Cmp' <Latency = 0> <II = 1> <Delay = 2.89> <FuncUnit> <Opcode : 'icmp'> <InPorts = 2> <OutPorts = 1>
ST_2 : Operation 82 [1/1] (2.89ns)   --->   "%notrhs = icmp eq i52 %tmp_10, 0" [svm.cpp:66]   --->   Operation 82 'icmp' 'notrhs' <Predicate = (exitcond1)> <Delay = 2.89> <Core = "Cmp">   --->   Core 25 'Cmp' <Latency = 0> <II = 1> <Delay = 2.89> <FuncUnit> <Opcode : 'icmp'> <InPorts = 2> <OutPorts = 1>
ST_2 : Operation 83 [1/1] (0.00ns) (grouped into LUT with out node storemerge_cast_cast)   --->   "%tmp_11 = or i1 %notrhs, %notlhs" [svm.cpp:66]   --->   Operation 83 'or' 'tmp_11' <Predicate = (exitcond1)> <Delay = 0.00> <Core = "LogicGate">   --->   Core 27 'LogicGate' <Latency = 0> <II = 1> <Delay = 0.97> <FuncUnit> <Opcode : 'and' 'or' 'xor'> <InPorts = 2> <OutPorts = 1>
ST_2 : Operation 84 [1/1] (6.82ns)   --->   "%tmp_12 = fcmp ogt double %sum, 0.000000e+00" [svm.cpp:69]   --->   Operation 84 'dcmp' 'tmp_12' <Predicate = (exitcond1)> <Delay = 6.82> <Core = "DCmp">   --->   Core 114 'DCmp' <Latency = 0> <II = 1> <Delay = 6.82> <FuncUnit> <Opcode : 'dcmp'> <InPorts = 2> <OutPorts = 1>
ST_2 : Operation 85 [1/1] (0.00ns) (grouped into LUT with out node storemerge_cast_cast)   --->   "%tmp_13 = and i1 %tmp_11, %tmp_12" [svm.cpp:69]   --->   Operation 85 'and' 'tmp_13' <Predicate = (exitcond1)> <Delay = 0.00> <Core = "LogicGate">   --->   Core 27 'LogicGate' <Latency = 0> <II = 1> <Delay = 0.97> <FuncUnit> <Opcode : 'and' 'or' 'xor'> <InPorts = 2> <OutPorts = 1>
ST_2 : Operation 86 [1/1] (0.99ns) (out node of the LUT)   --->   "%storemerge_cast_cast = select i1 %tmp_13, i16 1, i16 -1" [svm.cpp:69]   --->   Operation 86 'select' 'storemerge_cast_cast' <Predicate = (exitcond1)> <Delay = 0.99> <Core = "Sel">   --->   Core 26 'Sel' <Latency = 0> <II = 1> <Delay = 0.99> <FuncUnit> <Opcode : 'select'> <InPorts = 3> <OutPorts = 1>
ST_2 : Operation 87 [1/1] (0.00ns)   --->   "call void @_ssdm_op_Write.ap_auto.i16P(i16* %class_hw, i16 %storemerge_cast_cast) nounwind" [svm.cpp:69]   --->   Operation 87 'write' <Predicate = (exitcond1)> <Delay = 0.00>
ST_2 : Operation 88 [1/1] (0.00ns)   --->   "ret void" [svm.cpp:71]   --->   Operation 88 'ret' <Predicate = (exitcond1)> <Delay = 0.00>

State 3 <SV = 2> <Delay = 5.54>
ST_3 : Operation 89 [1/1] (0.00ns)   --->   "%norm = phi float [ 0.000000e+00, %2 ], [ %norm_1, %4 ]"   --->   Operation 89 'phi' 'norm' <Predicate = true> <Delay = 0.00>
ST_3 : Operation 90 [1/1] (0.00ns)   --->   "%j = phi i5 [ 0, %2 ], [ %j_1, %4 ]"   --->   Operation 90 'phi' 'j' <Predicate = true> <Delay = 0.00>
ST_3 : Operation 91 [1/1] (1.36ns)   --->   "%exitcond = icmp eq i5 %j, -14" [svm.cpp:32]   --->   Operation 91 'icmp' 'exitcond' <Predicate = true> <Delay = 1.36> <Core = "Cmp">   --->   Core 25 'Cmp' <Latency = 0> <II = 1> <Delay = 2.89> <FuncUnit> <Opcode : 'icmp'> <InPorts = 2> <OutPorts = 1>
ST_3 : Operation 92 [1/1] (0.00ns)   --->   "%empty_4 = call i32 (...)* @_ssdm_op_SpecLoopTripCount(i64 18, i64 18, i64 18) nounwind"   --->   Operation 92 'speclooptripcount' 'empty_4' <Predicate = true> <Delay = 0.00>
ST_3 : Operation 93 [1/1] (1.78ns)   --->   "%j_1 = add i5 %j, 1" [svm.cpp:32]   --->   Operation 93 'add' 'j_1' <Predicate = true> <Delay = 1.78> <Core = "AddSub">   --->   Core 14 'AddSub' <Latency = 0> <II = 1> <Delay = 2.07> <FuncUnit> <Opcode : 'add' 'sub'> <InPorts = 2> <OutPorts = 1>
ST_3 : Operation 94 [1/1] (0.00ns)   --->   "br i1 %exitcond, label %5, label %4" [svm.cpp:32]   --->   Operation 94 'br' <Predicate = true> <Delay = 0.00>
ST_3 : Operation 95 [1/1] (0.00ns)   --->   "%tmp_s = zext i5 %j to i64" [svm.cpp:35]   --->   Operation 95 'zext' 'tmp_s' <Predicate = (!exitcond)> <Delay = 0.00>
ST_3 : Operation 96 [1/1] (0.00ns)   --->   "%tmp_cast = zext i5 %j to i16" [svm.cpp:35]   --->   Operation 96 'zext' 'tmp_cast' <Predicate = (!exitcond)> <Delay = 0.00>
ST_3 : Operation 97 [1/1] (2.07ns)   --->   "%tmp_17 = add i16 %tmp_16, %tmp_cast" [svm.cpp:35]   --->   Operation 97 'add' 'tmp_17' <Predicate = (!exitcond)> <Delay = 2.07> <Core = "AddSub">   --->   Core 14 'AddSub' <Latency = 0> <II = 1> <Delay = 2.07> <FuncUnit> <Opcode : 'add' 'sub'> <InPorts = 2> <OutPorts = 1>
ST_3 : Operation 98 [1/1] (0.00ns)   --->   "%tmp_17_cast = zext i16 %tmp_17 to i64" [svm.cpp:35]   --->   Operation 98 'zext' 'tmp_17_cast' <Predicate = (!exitcond)> <Delay = 0.00>
ST_3 : Operation 99 [1/1] (0.00ns)   --->   "%SupVec_addr = getelementptr [21996 x float]* @SupVec, i64 0, i64 %tmp_17_cast" [svm.cpp:35]   --->   Operation 99 'getelementptr' 'SupVec_addr' <Predicate = (!exitcond)> <Delay = 0.00>
ST_3 : Operation 100 [1/1] (0.00ns)   --->   "%x_addr = getelementptr [18 x float]* %x, i64 0, i64 %tmp_s" [svm.cpp:35]   --->   Operation 100 'getelementptr' 'x_addr' <Predicate = (!exitcond)> <Delay = 0.00>
ST_3 : Operation 101 [2/2] (2.32ns)   --->   "%x_load = load float* %x_addr, align 4" [svm.cpp:35]   --->   Operation 101 'load' 'x_load' <Predicate = (!exitcond)> <Delay = 2.32> <Core = "RAM">   --->   Core 37 'RAM' <Latency = 1> <II = 1> <Delay = 2.32> <Storage> <Opcode : 'load' 'store'> <Ports = 2> <Width = 32> <Depth = 18> <RAM>
ST_3 : Operation 102 [2/2] (3.25ns)   --->   "%SupVec_load = load float* %SupVec_addr, align 4" [svm.cpp:35]   --->   Operation 102 'load' 'SupVec_load' <Predicate = (!exitcond)> <Delay = 3.25> <Core = "ROM_nP">   --->   Core 48 'ROM_nP' <Latency = 1> <II = 1> <Delay = 3.25> <Storage> <Opcode : 'load'> <Ports = 0> <Width = 32> <Depth = 1222> <ROM>
ST_3 : Operation 103 [1/1] (0.00ns)   --->   "%Co_addr = getelementptr inbounds [1222 x float]* @Co, i64 0, i64 %tmp_1" [svm.cpp:66]   --->   Operation 103 'getelementptr' 'Co_addr' <Predicate = (exitcond)> <Delay = 0.00>
ST_3 : Operation 104 [2/2] (3.25ns)   --->   "%Co_load = load float* %Co_addr, align 4" [svm.cpp:66]   --->   Operation 104 'load' 'Co_load' <Predicate = (exitcond)> <Delay = 3.25> <Core = "ROM_nP">   --->   Core 48 'ROM_nP' <Latency = 1> <II = 1> <Delay = 3.25> <Storage> <Opcode : 'load'> <Ports = 0> <Width = 32> <Depth = 1222> <ROM>
ST_3 : Operation 105 [1/1] (5.54ns)   --->   "%tmp_3 = fpext float %norm to double" [svm.cpp:66]   --->   Operation 105 'fpext' 'tmp_3' <Predicate = (exitcond)> <Delay = 5.54> <Core = "Float2Double">   --->   Core 108 'Float2Double' <Latency = 0> <II = 1> <Delay = 5.54> <FuncUnit> <Opcode : 'fpext'> <InPorts = 1> <OutPorts = 1>

State 4 <SV = 3> <Delay = 3.25>
ST_4 : Operation 106 [1/2] (2.32ns)   --->   "%x_load = load float* %x_addr, align 4" [svm.cpp:35]   --->   Operation 106 'load' 'x_load' <Predicate = true> <Delay = 2.32> <Core = "RAM">   --->   Core 37 'RAM' <Latency = 1> <II = 1> <Delay = 2.32> <Storage> <Opcode : 'load' 'store'> <Ports = 2> <Width = 32> <Depth = 18> <RAM>
ST_4 : Operation 107 [1/2] (3.25ns)   --->   "%SupVec_load = load float* %SupVec_addr, align 4" [svm.cpp:35]   --->   Operation 107 'load' 'SupVec_load' <Predicate = true> <Delay = 3.25> <Core = "ROM_nP">   --->   Core 48 'ROM_nP' <Latency = 1> <II = 1> <Delay = 3.25> <Storage> <Opcode : 'load'> <Ports = 0> <Width = 32> <Depth = 1222> <ROM>

State 5 <SV = 4> <Delay = 7.25>
ST_5 : Operation 108 [5/5] (7.25ns)   --->   "%dif = fsub float %x_load, %SupVec_load" [svm.cpp:35]   --->   Operation 108 'fsub' 'dif' <Predicate = true> <Delay = 7.25> <Core = "FAddSub">   --->   Core 99 'FAddSub' <Latency = 4> <II = 1> <Delay = 7.25> <FuncUnit> <Opcode : 'fadd' 'fsub'> <InPorts = 2> <OutPorts = 1>

State 6 <SV = 5> <Delay = 7.25>
ST_6 : Operation 109 [4/5] (7.25ns)   --->   "%dif = fsub float %x_load, %SupVec_load" [svm.cpp:35]   --->   Operation 109 'fsub' 'dif' <Predicate = true> <Delay = 7.25> <Core = "FAddSub">   --->   Core 99 'FAddSub' <Latency = 4> <II = 1> <Delay = 7.25> <FuncUnit> <Opcode : 'fadd' 'fsub'> <InPorts = 2> <OutPorts = 1>

State 7 <SV = 6> <Delay = 7.25>
ST_7 : Operation 110 [3/5] (7.25ns)   --->   "%dif = fsub float %x_load, %SupVec_load" [svm.cpp:35]   --->   Operation 110 'fsub' 'dif' <Predicate = true> <Delay = 7.25> <Core = "FAddSub">   --->   Core 99 'FAddSub' <Latency = 4> <II = 1> <Delay = 7.25> <FuncUnit> <Opcode : 'fadd' 'fsub'> <InPorts = 2> <OutPorts = 1>

State 8 <SV = 7> <Delay = 7.25>
ST_8 : Operation 111 [2/5] (7.25ns)   --->   "%dif = fsub float %x_load, %SupVec_load" [svm.cpp:35]   --->   Operation 111 'fsub' 'dif' <Predicate = true> <Delay = 7.25> <Core = "FAddSub">   --->   Core 99 'FAddSub' <Latency = 4> <II = 1> <Delay = 7.25> <FuncUnit> <Opcode : 'fadd' 'fsub'> <InPorts = 2> <OutPorts = 1>

State 9 <SV = 8> <Delay = 7.25>
ST_9 : Operation 112 [1/5] (7.25ns)   --->   "%dif = fsub float %x_load, %SupVec_load" [svm.cpp:35]   --->   Operation 112 'fsub' 'dif' <Predicate = true> <Delay = 7.25> <Core = "FAddSub">   --->   Core 99 'FAddSub' <Latency = 4> <II = 1> <Delay = 7.25> <FuncUnit> <Opcode : 'fadd' 'fsub'> <InPorts = 2> <OutPorts = 1>

State 10 <SV = 9> <Delay = 5.70>
ST_10 : Operation 113 [4/4] (5.70ns)   --->   "%tmp_8 = fmul float %dif, %dif" [svm.cpp:36]   --->   Operation 113 'fmul' 'tmp_8' <Predicate = true> <Delay = 5.70> <Core = "FMul">   --->   Core 100 'FMul' <Latency = 3> <II = 1> <Delay = 5.70> <FuncUnit> <Opcode : 'fmul'> <InPorts = 2> <OutPorts = 1>

State 11 <SV = 10> <Delay = 5.70>
ST_11 : Operation 114 [3/4] (5.70ns)   --->   "%tmp_8 = fmul float %dif, %dif" [svm.cpp:36]   --->   Operation 114 'fmul' 'tmp_8' <Predicate = true> <Delay = 5.70> <Core = "FMul">   --->   Core 100 'FMul' <Latency = 3> <II = 1> <Delay = 5.70> <FuncUnit> <Opcode : 'fmul'> <InPorts = 2> <OutPorts = 1>

State 12 <SV = 11> <Delay = 5.70>
ST_12 : Operation 115 [2/4] (5.70ns)   --->   "%tmp_8 = fmul float %dif, %dif" [svm.cpp:36]   --->   Operation 115 'fmul' 'tmp_8' <Predicate = true> <Delay = 5.70> <Core = "FMul">   --->   Core 100 'FMul' <Latency = 3> <II = 1> <Delay = 5.70> <FuncUnit> <Opcode : 'fmul'> <InPorts = 2> <OutPorts = 1>

State 13 <SV = 12> <Delay = 5.70>
ST_13 : Operation 116 [1/4] (5.70ns)   --->   "%tmp_8 = fmul float %dif, %dif" [svm.cpp:36]   --->   Operation 116 'fmul' 'tmp_8' <Predicate = true> <Delay = 5.70> <Core = "FMul">   --->   Core 100 'FMul' <Latency = 3> <II = 1> <Delay = 5.70> <FuncUnit> <Opcode : 'fmul'> <InPorts = 2> <OutPorts = 1>

State 14 <SV = 13> <Delay = 7.25>
ST_14 : Operation 117 [5/5] (7.25ns)   --->   "%norm_1 = fadd float %norm, %tmp_8" [svm.cpp:36]   --->   Operation 117 'fadd' 'norm_1' <Predicate = true> <Delay = 7.25> <Core = "FAddSub">   --->   Core 99 'FAddSub' <Latency = 4> <II = 1> <Delay = 7.25> <FuncUnit> <Opcode : 'fadd' 'fsub'> <InPorts = 2> <OutPorts = 1>

State 15 <SV = 14> <Delay = 7.25>
ST_15 : Operation 118 [4/5] (7.25ns)   --->   "%norm_1 = fadd float %norm, %tmp_8" [svm.cpp:36]   --->   Operation 118 'fadd' 'norm_1' <Predicate = true> <Delay = 7.25> <Core = "FAddSub">   --->   Core 99 'FAddSub' <Latency = 4> <II = 1> <Delay = 7.25> <FuncUnit> <Opcode : 'fadd' 'fsub'> <InPorts = 2> <OutPorts = 1>

State 16 <SV = 15> <Delay = 7.25>
ST_16 : Operation 119 [3/5] (7.25ns)   --->   "%norm_1 = fadd float %norm, %tmp_8" [svm.cpp:36]   --->   Operation 119 'fadd' 'norm_1' <Predicate = true> <Delay = 7.25> <Core = "FAddSub">   --->   Core 99 'FAddSub' <Latency = 4> <II = 1> <Delay = 7.25> <FuncUnit> <Opcode : 'fadd' 'fsub'> <InPorts = 2> <OutPorts = 1>

State 17 <SV = 16> <Delay = 7.25>
ST_17 : Operation 120 [2/5] (7.25ns)   --->   "%norm_1 = fadd float %norm, %tmp_8" [svm.cpp:36]   --->   Operation 120 'fadd' 'norm_1' <Predicate = true> <Delay = 7.25> <Core = "FAddSub">   --->   Core 99 'FAddSub' <Latency = 4> <II = 1> <Delay = 7.25> <FuncUnit> <Opcode : 'fadd' 'fsub'> <InPorts = 2> <OutPorts = 1>

State 18 <SV = 17> <Delay = 7.25>
ST_18 : Operation 121 [1/1] (0.00ns)   --->   "call void (...)* @_ssdm_op_SpecLoopName([15 x i8]* @p_str1) nounwind" [svm.cpp:33]   --->   Operation 121 'specloopname' <Predicate = true> <Delay = 0.00>
ST_18 : Operation 122 [1/5] (7.25ns)   --->   "%norm_1 = fadd float %norm, %tmp_8" [svm.cpp:36]   --->   Operation 122 'fadd' 'norm_1' <Predicate = true> <Delay = 7.25> <Core = "FAddSub">   --->   Core 99 'FAddSub' <Latency = 4> <II = 1> <Delay = 7.25> <FuncUnit> <Opcode : 'fadd' 'fsub'> <InPorts = 2> <OutPorts = 1>
ST_18 : Operation 123 [1/1] (0.00ns)   --->   "br label %3" [svm.cpp:32]   --->   Operation 123 'br' <Predicate = true> <Delay = 0.00>

State 19 <SV = 3> <Delay = 7.78>
ST_19 : Operation 124 [1/2] (3.25ns)   --->   "%Co_load = load float* %Co_addr, align 4" [svm.cpp:66]   --->   Operation 124 'load' 'Co_load' <Predicate = true> <Delay = 3.25> <Core = "ROM_nP">   --->   Core 48 'ROM_nP' <Latency = 1> <II = 1> <Delay = 3.25> <Storage> <Opcode : 'load'> <Ports = 0> <Width = 32> <Depth = 1222> <ROM>
ST_19 : Operation 125 [6/6] (7.78ns)   --->   "%tmp_4 = fmul double %tmp_3, -8.000000e+00" [svm.cpp:66]   --->   Operation 125 'dmul' 'tmp_4' <Predicate = true> <Delay = 7.78> <Core = "DMul">   --->   Core 110 'DMul' <Latency = 5> <II = 1> <Delay = 7.78> <FuncUnit> <Opcode : 'dmul'> <InPorts = 2> <OutPorts = 1>

State 20 <SV = 4> <Delay = 7.78>
ST_20 : Operation 126 [5/6] (7.78ns)   --->   "%tmp_4 = fmul double %tmp_3, -8.000000e+00" [svm.cpp:66]   --->   Operation 126 'dmul' 'tmp_4' <Predicate = true> <Delay = 7.78> <Core = "DMul">   --->   Core 110 'DMul' <Latency = 5> <II = 1> <Delay = 7.78> <FuncUnit> <Opcode : 'dmul'> <InPorts = 2> <OutPorts = 1>

State 21 <SV = 5> <Delay = 7.78>
ST_21 : Operation 127 [4/6] (7.78ns)   --->   "%tmp_4 = fmul double %tmp_3, -8.000000e+00" [svm.cpp:66]   --->   Operation 127 'dmul' 'tmp_4' <Predicate = true> <Delay = 7.78> <Core = "DMul">   --->   Core 110 'DMul' <Latency = 5> <II = 1> <Delay = 7.78> <FuncUnit> <Opcode : 'dmul'> <InPorts = 2> <OutPorts = 1>

State 22 <SV = 6> <Delay = 7.78>
ST_22 : Operation 128 [3/6] (7.78ns)   --->   "%tmp_4 = fmul double %tmp_3, -8.000000e+00" [svm.cpp:66]   --->   Operation 128 'dmul' 'tmp_4' <Predicate = true> <Delay = 7.78> <Core = "DMul">   --->   Core 110 'DMul' <Latency = 5> <II = 1> <Delay = 7.78> <FuncUnit> <Opcode : 'dmul'> <InPorts = 2> <OutPorts = 1>

State 23 <SV = 7> <Delay = 7.78>
ST_23 : Operation 129 [2/6] (7.78ns)   --->   "%tmp_4 = fmul double %tmp_3, -8.000000e+00" [svm.cpp:66]   --->   Operation 129 'dmul' 'tmp_4' <Predicate = true> <Delay = 7.78> <Core = "DMul">   --->   Core 110 'DMul' <Latency = 5> <II = 1> <Delay = 7.78> <FuncUnit> <Opcode : 'dmul'> <InPorts = 2> <OutPorts = 1>

State 24 <SV = 8> <Delay = 7.78>
ST_24 : Operation 130 [1/6] (7.78ns)   --->   "%tmp_4 = fmul double %tmp_3, -8.000000e+00" [svm.cpp:66]   --->   Operation 130 'dmul' 'tmp_4' <Predicate = true> <Delay = 7.78> <Core = "DMul">   --->   Core 110 'DMul' <Latency = 5> <II = 1> <Delay = 7.78> <FuncUnit> <Opcode : 'dmul'> <InPorts = 2> <OutPorts = 1>

State 25 <SV = 9> <Delay = 7.32>
ST_25 : Operation 131 [18/18] (7.32ns)   --->   "%tmp_5 = call double @llvm.exp.f64(double %tmp_4)" [svm.cpp:66]   --->   Operation 131 'dexp' 'tmp_5' <Predicate = true> <Delay = 7.32> <Core = "DExp">   --->   Core 122 'DExp' <Latency = 17> <II = 1> <Delay = 7.32> <FuncUnit> <Opcode : 'dexp'> <InPorts = 1> <OutPorts = 1>

State 26 <SV = 10> <Delay = 7.32>
ST_26 : Operation 132 [17/18] (7.32ns)   --->   "%tmp_5 = call double @llvm.exp.f64(double %tmp_4)" [svm.cpp:66]   --->   Operation 132 'dexp' 'tmp_5' <Predicate = true> <Delay = 7.32> <Core = "DExp">   --->   Core 122 'DExp' <Latency = 17> <II = 1> <Delay = 7.32> <FuncUnit> <Opcode : 'dexp'> <InPorts = 1> <OutPorts = 1>

State 27 <SV = 11> <Delay = 7.32>
ST_27 : Operation 133 [16/18] (7.32ns)   --->   "%tmp_5 = call double @llvm.exp.f64(double %tmp_4)" [svm.cpp:66]   --->   Operation 133 'dexp' 'tmp_5' <Predicate = true> <Delay = 7.32> <Core = "DExp">   --->   Core 122 'DExp' <Latency = 17> <II = 1> <Delay = 7.32> <FuncUnit> <Opcode : 'dexp'> <InPorts = 1> <OutPorts = 1>

State 28 <SV = 12> <Delay = 7.32>
ST_28 : Operation 134 [15/18] (7.32ns)   --->   "%tmp_5 = call double @llvm.exp.f64(double %tmp_4)" [svm.cpp:66]   --->   Operation 134 'dexp' 'tmp_5' <Predicate = true> <Delay = 7.32> <Core = "DExp">   --->   Core 122 'DExp' <Latency = 17> <II = 1> <Delay = 7.32> <FuncUnit> <Opcode : 'dexp'> <InPorts = 1> <OutPorts = 1>

State 29 <SV = 13> <Delay = 7.32>
ST_29 : Operation 135 [14/18] (7.32ns)   --->   "%tmp_5 = call double @llvm.exp.f64(double %tmp_4)" [svm.cpp:66]   --->   Operation 135 'dexp' 'tmp_5' <Predicate = true> <Delay = 7.32> <Core = "DExp">   --->   Core 122 'DExp' <Latency = 17> <II = 1> <Delay = 7.32> <FuncUnit> <Opcode : 'dexp'> <InPorts = 1> <OutPorts = 1>

State 30 <SV = 14> <Delay = 7.32>
ST_30 : Operation 136 [13/18] (7.32ns)   --->   "%tmp_5 = call double @llvm.exp.f64(double %tmp_4)" [svm.cpp:66]   --->   Operation 136 'dexp' 'tmp_5' <Predicate = true> <Delay = 7.32> <Core = "DExp">   --->   Core 122 'DExp' <Latency = 17> <II = 1> <Delay = 7.32> <FuncUnit> <Opcode : 'dexp'> <InPorts = 1> <OutPorts = 1>

State 31 <SV = 15> <Delay = 7.32>
ST_31 : Operation 137 [12/18] (7.32ns)   --->   "%tmp_5 = call double @llvm.exp.f64(double %tmp_4)" [svm.cpp:66]   --->   Operation 137 'dexp' 'tmp_5' <Predicate = true> <Delay = 7.32> <Core = "DExp">   --->   Core 122 'DExp' <Latency = 17> <II = 1> <Delay = 7.32> <FuncUnit> <Opcode : 'dexp'> <InPorts = 1> <OutPorts = 1>

State 32 <SV = 16> <Delay = 7.32>
ST_32 : Operation 138 [11/18] (7.32ns)   --->   "%tmp_5 = call double @llvm.exp.f64(double %tmp_4)" [svm.cpp:66]   --->   Operation 138 'dexp' 'tmp_5' <Predicate = true> <Delay = 7.32> <Core = "DExp">   --->   Core 122 'DExp' <Latency = 17> <II = 1> <Delay = 7.32> <FuncUnit> <Opcode : 'dexp'> <InPorts = 1> <OutPorts = 1>

State 33 <SV = 17> <Delay = 7.32>
ST_33 : Operation 139 [10/18] (7.32ns)   --->   "%tmp_5 = call double @llvm.exp.f64(double %tmp_4)" [svm.cpp:66]   --->   Operation 139 'dexp' 'tmp_5' <Predicate = true> <Delay = 7.32> <Core = "DExp">   --->   Core 122 'DExp' <Latency = 17> <II = 1> <Delay = 7.32> <FuncUnit> <Opcode : 'dexp'> <InPorts = 1> <OutPorts = 1>

State 34 <SV = 18> <Delay = 7.32>
ST_34 : Operation 140 [9/18] (7.32ns)   --->   "%tmp_5 = call double @llvm.exp.f64(double %tmp_4)" [svm.cpp:66]   --->   Operation 140 'dexp' 'tmp_5' <Predicate = true> <Delay = 7.32> <Core = "DExp">   --->   Core 122 'DExp' <Latency = 17> <II = 1> <Delay = 7.32> <FuncUnit> <Opcode : 'dexp'> <InPorts = 1> <OutPorts = 1>

State 35 <SV = 19> <Delay = 7.32>
ST_35 : Operation 141 [8/18] (7.32ns)   --->   "%tmp_5 = call double @llvm.exp.f64(double %tmp_4)" [svm.cpp:66]   --->   Operation 141 'dexp' 'tmp_5' <Predicate = true> <Delay = 7.32> <Core = "DExp">   --->   Core 122 'DExp' <Latency = 17> <II = 1> <Delay = 7.32> <FuncUnit> <Opcode : 'dexp'> <InPorts = 1> <OutPorts = 1>

State 36 <SV = 20> <Delay = 7.32>
ST_36 : Operation 142 [7/18] (7.32ns)   --->   "%tmp_5 = call double @llvm.exp.f64(double %tmp_4)" [svm.cpp:66]   --->   Operation 142 'dexp' 'tmp_5' <Predicate = true> <Delay = 7.32> <Core = "DExp">   --->   Core 122 'DExp' <Latency = 17> <II = 1> <Delay = 7.32> <FuncUnit> <Opcode : 'dexp'> <InPorts = 1> <OutPorts = 1>

State 37 <SV = 21> <Delay = 7.32>
ST_37 : Operation 143 [6/18] (7.32ns)   --->   "%tmp_5 = call double @llvm.exp.f64(double %tmp_4)" [svm.cpp:66]   --->   Operation 143 'dexp' 'tmp_5' <Predicate = true> <Delay = 7.32> <Core = "DExp">   --->   Core 122 'DExp' <Latency = 17> <II = 1> <Delay = 7.32> <FuncUnit> <Opcode : 'dexp'> <InPorts = 1> <OutPorts = 1>

State 38 <SV = 22> <Delay = 7.32>
ST_38 : Operation 144 [5/18] (7.32ns)   --->   "%tmp_5 = call double @llvm.exp.f64(double %tmp_4)" [svm.cpp:66]   --->   Operation 144 'dexp' 'tmp_5' <Predicate = true> <Delay = 7.32> <Core = "DExp">   --->   Core 122 'DExp' <Latency = 17> <II = 1> <Delay = 7.32> <FuncUnit> <Opcode : 'dexp'> <InPorts = 1> <OutPorts = 1>

State 39 <SV = 23> <Delay = 7.32>
ST_39 : Operation 145 [4/18] (7.32ns)   --->   "%tmp_5 = call double @llvm.exp.f64(double %tmp_4)" [svm.cpp:66]   --->   Operation 145 'dexp' 'tmp_5' <Predicate = true> <Delay = 7.32> <Core = "DExp">   --->   Core 122 'DExp' <Latency = 17> <II = 1> <Delay = 7.32> <FuncUnit> <Opcode : 'dexp'> <InPorts = 1> <OutPorts = 1>

State 40 <SV = 24> <Delay = 7.32>
ST_40 : Operation 146 [3/18] (7.32ns)   --->   "%tmp_5 = call double @llvm.exp.f64(double %tmp_4)" [svm.cpp:66]   --->   Operation 146 'dexp' 'tmp_5' <Predicate = true> <Delay = 7.32> <Core = "DExp">   --->   Core 122 'DExp' <Latency = 17> <II = 1> <Delay = 7.32> <FuncUnit> <Opcode : 'dexp'> <InPorts = 1> <OutPorts = 1>

State 41 <SV = 25> <Delay = 7.32>
ST_41 : Operation 147 [2/18] (7.32ns)   --->   "%tmp_5 = call double @llvm.exp.f64(double %tmp_4)" [svm.cpp:66]   --->   Operation 147 'dexp' 'tmp_5' <Predicate = true> <Delay = 7.32> <Core = "DExp">   --->   Core 122 'DExp' <Latency = 17> <II = 1> <Delay = 7.32> <FuncUnit> <Opcode : 'dexp'> <InPorts = 1> <OutPorts = 1>

State 42 <SV = 26> <Delay = 7.32>
ST_42 : Operation 148 [1/1] (5.54ns)   --->   "%tmp_2 = fpext float %Co_load to double" [svm.cpp:66]   --->   Operation 148 'fpext' 'tmp_2' <Predicate = true> <Delay = 5.54> <Core = "Float2Double">   --->   Core 108 'Float2Double' <Latency = 0> <II = 1> <Delay = 5.54> <FuncUnit> <Opcode : 'fpext'> <InPorts = 1> <OutPorts = 1>
ST_42 : Operation 149 [1/18] (7.32ns)   --->   "%tmp_5 = call double @llvm.exp.f64(double %tmp_4)" [svm.cpp:66]   --->   Operation 149 'dexp' 'tmp_5' <Predicate = true> <Delay = 7.32> <Core = "DExp">   --->   Core 122 'DExp' <Latency = 17> <II = 1> <Delay = 7.32> <FuncUnit> <Opcode : 'dexp'> <InPorts = 1> <OutPorts = 1>

State 43 <SV = 27> <Delay = 7.78>
ST_43 : Operation 150 [6/6] (7.78ns)   --->   "%tmp_6 = fmul double %tmp_2, %tmp_5" [svm.cpp:66]   --->   Operation 150 'dmul' 'tmp_6' <Predicate = true> <Delay = 7.78> <Core = "DMul">   --->   Core 110 'DMul' <Latency = 5> <II = 1> <Delay = 7.78> <FuncUnit> <Opcode : 'dmul'> <InPorts = 2> <OutPorts = 1>

State 44 <SV = 28> <Delay = 7.78>
ST_44 : Operation 151 [5/6] (7.78ns)   --->   "%tmp_6 = fmul double %tmp_2, %tmp_5" [svm.cpp:66]   --->   Operation 151 'dmul' 'tmp_6' <Predicate = true> <Delay = 7.78> <Core = "DMul">   --->   Core 110 'DMul' <Latency = 5> <II = 1> <Delay = 7.78> <FuncUnit> <Opcode : 'dmul'> <InPorts = 2> <OutPorts = 1>

State 45 <SV = 29> <Delay = 7.78>
ST_45 : Operation 152 [4/6] (7.78ns)   --->   "%tmp_6 = fmul double %tmp_2, %tmp_5" [svm.cpp:66]   --->   Operation 152 'dmul' 'tmp_6' <Predicate = true> <Delay = 7.78> <Core = "DMul">   --->   Core 110 'DMul' <Latency = 5> <II = 1> <Delay = 7.78> <FuncUnit> <Opcode : 'dmul'> <InPorts = 2> <OutPorts = 1>

State 46 <SV = 30> <Delay = 7.78>
ST_46 : Operation 153 [3/6] (7.78ns)   --->   "%tmp_6 = fmul double %tmp_2, %tmp_5" [svm.cpp:66]   --->   Operation 153 'dmul' 'tmp_6' <Predicate = true> <Delay = 7.78> <Core = "DMul">   --->   Core 110 'DMul' <Latency = 5> <II = 1> <Delay = 7.78> <FuncUnit> <Opcode : 'dmul'> <InPorts = 2> <OutPorts = 1>

State 47 <SV = 31> <Delay = 7.78>
ST_47 : Operation 154 [2/6] (7.78ns)   --->   "%tmp_6 = fmul double %tmp_2, %tmp_5" [svm.cpp:66]   --->   Operation 154 'dmul' 'tmp_6' <Predicate = true> <Delay = 7.78> <Core = "DMul">   --->   Core 110 'DMul' <Latency = 5> <II = 1> <Delay = 7.78> <FuncUnit> <Opcode : 'dmul'> <InPorts = 2> <OutPorts = 1>

State 48 <SV = 32> <Delay = 7.78>
ST_48 : Operation 155 [1/6] (7.78ns)   --->   "%tmp_6 = fmul double %tmp_2, %tmp_5" [svm.cpp:66]   --->   Operation 155 'dmul' 'tmp_6' <Predicate = true> <Delay = 7.78> <Core = "DMul">   --->   Core 110 'DMul' <Latency = 5> <II = 1> <Delay = 7.78> <FuncUnit> <Opcode : 'dmul'> <InPorts = 2> <OutPorts = 1>

State 49 <SV = 33> <Delay = 8.23>
ST_49 : Operation 156 [5/5] (8.23ns)   --->   "%tmp_7 = fadd double %tmp_6, 0xC0068B43A0000000" [svm.cpp:66]   --->   Operation 156 'dadd' 'tmp_7' <Predicate = true> <Delay = 8.23> <Core = "DAddSub">   --->   Core 109 'DAddSub' <Latency = 4> <II = 1> <Delay = 8.23> <FuncUnit> <Opcode : 'dadd' 'dsub'> <InPorts = 2> <OutPorts = 1>

State 50 <SV = 34> <Delay = 8.23>
ST_50 : Operation 157 [4/5] (8.23ns)   --->   "%tmp_7 = fadd double %tmp_6, 0xC0068B43A0000000" [svm.cpp:66]   --->   Operation 157 'dadd' 'tmp_7' <Predicate = true> <Delay = 8.23> <Core = "DAddSub">   --->   Core 109 'DAddSub' <Latency = 4> <II = 1> <Delay = 8.23> <FuncUnit> <Opcode : 'dadd' 'dsub'> <InPorts = 2> <OutPorts = 1>

State 51 <SV = 35> <Delay = 8.23>
ST_51 : Operation 158 [3/5] (8.23ns)   --->   "%tmp_7 = fadd double %tmp_6, 0xC0068B43A0000000" [svm.cpp:66]   --->   Operation 158 'dadd' 'tmp_7' <Predicate = true> <Delay = 8.23> <Core = "DAddSub">   --->   Core 109 'DAddSub' <Latency = 4> <II = 1> <Delay = 8.23> <FuncUnit> <Opcode : 'dadd' 'dsub'> <InPorts = 2> <OutPorts = 1>

State 52 <SV = 36> <Delay = 8.23>
ST_52 : Operation 159 [2/5] (8.23ns)   --->   "%tmp_7 = fadd double %tmp_6, 0xC0068B43A0000000" [svm.cpp:66]   --->   Operation 159 'dadd' 'tmp_7' <Predicate = true> <Delay = 8.23> <Core = "DAddSub">   --->   Core 109 'DAddSub' <Latency = 4> <II = 1> <Delay = 8.23> <FuncUnit> <Opcode : 'dadd' 'dsub'> <InPorts = 2> <OutPorts = 1>

State 53 <SV = 37> <Delay = 8.23>
ST_53 : Operation 160 [1/5] (8.23ns)   --->   "%tmp_7 = fadd double %tmp_6, 0xC0068B43A0000000" [svm.cpp:66]   --->   Operation 160 'dadd' 'tmp_7' <Predicate = true> <Delay = 8.23> <Core = "DAddSub">   --->   Core 109 'DAddSub' <Latency = 4> <II = 1> <Delay = 8.23> <FuncUnit> <Opcode : 'dadd' 'dsub'> <InPorts = 2> <OutPorts = 1>

State 54 <SV = 38> <Delay = 8.23>
ST_54 : Operation 161 [5/5] (8.23ns)   --->   "%sum_1 = fadd double %sum, %tmp_7" [svm.cpp:66]   --->   Operation 161 'dadd' 'sum_1' <Predicate = true> <Delay = 8.23> <Core = "DAddSub">   --->   Core 109 'DAddSub' <Latency = 4> <II = 1> <Delay = 8.23> <FuncUnit> <Opcode : 'dadd' 'dsub'> <InPorts = 2> <OutPorts = 1>

State 55 <SV = 39> <Delay = 8.23>
ST_55 : Operation 162 [4/5] (8.23ns)   --->   "%sum_1 = fadd double %sum, %tmp_7" [svm.cpp:66]   --->   Operation 162 'dadd' 'sum_1' <Predicate = true> <Delay = 8.23> <Core = "DAddSub">   --->   Core 109 'DAddSub' <Latency = 4> <II = 1> <Delay = 8.23> <FuncUnit> <Opcode : 'dadd' 'dsub'> <InPorts = 2> <OutPorts = 1>

State 56 <SV = 40> <Delay = 8.23>
ST_56 : Operation 163 [3/5] (8.23ns)   --->   "%sum_1 = fadd double %sum, %tmp_7" [svm.cpp:66]   --->   Operation 163 'dadd' 'sum_1' <Predicate = true> <Delay = 8.23> <Core = "DAddSub">   --->   Core 109 'DAddSub' <Latency = 4> <II = 1> <Delay = 8.23> <FuncUnit> <Opcode : 'dadd' 'dsub'> <InPorts = 2> <OutPorts = 1>

State 57 <SV = 41> <Delay = 8.23>
ST_57 : Operation 164 [2/5] (8.23ns)   --->   "%sum_1 = fadd double %sum, %tmp_7" [svm.cpp:66]   --->   Operation 164 'dadd' 'sum_1' <Predicate = true> <Delay = 8.23> <Core = "DAddSub">   --->   Core 109 'DAddSub' <Latency = 4> <II = 1> <Delay = 8.23> <FuncUnit> <Opcode : 'dadd' 'dsub'> <InPorts = 2> <OutPorts = 1>

State 58 <SV = 42> <Delay = 8.23>
ST_58 : Operation 165 [1/5] (8.23ns)   --->   "%sum_1 = fadd double %sum, %tmp_7" [svm.cpp:66]   --->   Operation 165 'dadd' 'sum_1' <Predicate = true> <Delay = 8.23> <Core = "DAddSub">   --->   Core 109 'DAddSub' <Latency = 4> <II = 1> <Delay = 8.23> <FuncUnit> <Opcode : 'dadd' 'dsub'> <InPorts = 2> <OutPorts = 1>
ST_58 : Operation 166 [1/1] (0.00ns)   --->   "%empty_5 = call i32 (...)* @_ssdm_op_SpecRegionEnd([16 x i8]* @p_str, i32 %tmp_9) nounwind" [svm.cpp:67]   --->   Operation 166 'specregionend' 'empty_5' <Predicate = true> <Delay = 0.00>
ST_58 : Operation 167 [1/1] (0.00ns)   --->   "br label %1" [svm.cpp:27]   --->   Operation 167 'br' <Predicate = true> <Delay = 0.00>


============================================================
+ Verbose Summary: Binding
============================================================
STG Binding: 
---------------- STG Properties BEGIN ----------------
- Is combinational: 0
- Is one-state seq: 0
- Is datapath-only: 0
- Is pipelined: 0
- Is top level: 1
Port [ Return ] is wired: 1; IO mode=ap_ctrl_hs:ce=0
Port [ class_hw]:  wired=1; compound=0; hidden=0; nouse=0; global=0; static=0; extern=0; dir=1; type=0; pingpong=0; private_global=0; IO mode=ap_vld:ce=0
Port [ x]:  wired=1; compound=1; hidden=0; nouse=0; global=0; static=0; extern=0; dir=0; type=1; pingpong=0; private_global=0; MemPort=[13]; IO mode=ap_memory:ce=0
Port [ SupVec]:  wired=0; compound=1; hidden=1; nouse=0; global=1; static=1; extern=0; dir=0; type=1; pingpong=0; private_global=1; linkage=7; visibility=0; MemPort=[1]; IO mode=ap_memory:ce=0
Port [ Co]:  wired=0; compound=1; hidden=1; nouse=0; global=1; static=1; extern=0; dir=0; type=1; pingpong=0; private_global=1; linkage=7; visibility=0; MemPort=[1]; IO mode=ap_memory:ce=0
---------------- STG Properties END ------------------

---------------- Datapath Model BEGIN ----------------

<LifeTime>
<method=bitvector/>
StgValue_59          (specbitsmap      ) [ 00000000000000000000000000000000000000000000000000000000000]
StgValue_60          (specbitsmap      ) [ 00000000000000000000000000000000000000000000000000000000000]
StgValue_61          (spectopmodule    ) [ 00000000000000000000000000000000000000000000000000000000000]
StgValue_62          (br               ) [ 01111111111111111111111111111111111111111111111111111111111]
sum                  (phi              ) [ 00111111111111111111111111111111111111111111111111111111111]
i                    (phi              ) [ 00100000000000000000000000000000000000000000000000000000000]
exitcond1            (icmp             ) [ 00111111111111111111111111111111111111111111111111111111111]
empty                (speclooptripcount) [ 00000000000000000000000000000000000000000000000000000000000]
i_1                  (add              ) [ 01111111111111111111111111111111111111111111111111111111111]
StgValue_68          (br               ) [ 00000000000000000000000000000000000000000000000000000000000]
StgValue_69          (specloopname     ) [ 00000000000000000000000000000000000000000000000000000000000]
tmp_9                (specregionbegin  ) [ 00011111111111111111111111111111111111111111111111111111111]
tmp_1                (zext             ) [ 00011111111111111110000000000000000000000000000000000000000]
tmp_14               (bitconcatenate   ) [ 00000000000000000000000000000000000000000000000000000000000]
p_shl_cast           (zext             ) [ 00000000000000000000000000000000000000000000000000000000000]
tmp_15               (bitconcatenate   ) [ 00000000000000000000000000000000000000000000000000000000000]
p_shl1_cast          (zext             ) [ 00000000000000000000000000000000000000000000000000000000000]
tmp_16               (add              ) [ 00011111111111111110000000000000000000000000000000000000000]
StgValue_77          (br               ) [ 00111111111111111111111111111111111111111111111111111111111]
sum_to_int           (bitcast          ) [ 00000000000000000000000000000000000000000000000000000000000]
tmp                  (partselect       ) [ 00000000000000000000000000000000000000000000000000000000000]
tmp_10               (trunc            ) [ 00000000000000000000000000000000000000000000000000000000000]
notlhs               (icmp             ) [ 00000000000000000000000000000000000000000000000000000000000]
notrhs               (icmp             ) [ 00000000000000000000000000000000000000000000000000000000000]
tmp_11               (or               ) [ 00000000000000000000000000000000000000000000000000000000000]
tmp_12               (dcmp             ) [ 00000000000000000000000000000000000000000000000000000000000]
tmp_13               (and              ) [ 00000000000000000000000000000000000000000000000000000000000]
storemerge_cast_cast (select           ) [ 00000000000000000000000000000000000000000000000000000000000]
StgValue_87          (write            ) [ 00000000000000000000000000000000000000000000000000000000000]
StgValue_88          (ret              ) [ 00000000000000000000000000000000000000000000000000000000000]
norm                 (phi              ) [ 00011111111111111110000000000000000000000000000000000000000]
j                    (phi              ) [ 00010000000000000000000000000000000000000000000000000000000]
exitcond             (icmp             ) [ 00111111111111111111111111111111111111111111111111111111111]
empty_4              (speclooptripcount) [ 00000000000000000000000000000000000000000000000000000000000]
j_1                  (add              ) [ 00111111111111111111111111111111111111111111111111111111111]
StgValue_94          (br               ) [ 00000000000000000000000000000000000000000000000000000000000]
tmp_s                (zext             ) [ 00000000000000000000000000000000000000000000000000000000000]
tmp_cast             (zext             ) [ 00000000000000000000000000000000000000000000000000000000000]
tmp_17               (add              ) [ 00000000000000000000000000000000000000000000000000000000000]
tmp_17_cast          (zext             ) [ 00000000000000000000000000000000000000000000000000000000000]
SupVec_addr          (getelementptr    ) [ 00001000000000000000000000000000000000000000000000000000000]
x_addr               (getelementptr    ) [ 00001000000000000000000000000000000000000000000000000000000]
Co_addr              (getelementptr    ) [ 00000000000000000001000000000000000000000000000000000000000]
tmp_3                (fpext            ) [ 00000000000000000001111110000000000000000000000000000000000]
x_load               (load             ) [ 00000111110000000000000000000000000000000000000000000000000]
SupVec_load          (load             ) [ 00000111110000000000000000000000000000000000000000000000000]
dif                  (fsub             ) [ 00000000001111000000000000000000000000000000000000000000000]
tmp_8                (fmul             ) [ 00000000000000111110000000000000000000000000000000000000000]
StgValue_121         (specloopname     ) [ 00000000000000000000000000000000000000000000000000000000000]
norm_1               (fadd             ) [ 00111111111111111111111111111111111111111111111111111111111]
StgValue_123         (br               ) [ 00111111111111111111111111111111111111111111111111111111111]
Co_load              (load             ) [ 00000000000000000000111111111111111111111110000000000000000]
tmp_4                (dmul             ) [ 00000000000000000000000001111111111111111110000000000000000]
tmp_2                (fpext            ) [ 00000000000000000000000000000000000000000001111110000000000]
tmp_5                (dexp             ) [ 00000000000000000000000000000000000000000001111110000000000]
tmp_6                (dmul             ) [ 00000000000000000000000000000000000000000000000001111100000]
tmp_7                (dadd             ) [ 00000000000000000000000000000000000000000000000000000011111]
sum_1                (dadd             ) [ 01111111111111111111111111111111111111111111111111111111111]
empty_5              (specregionend    ) [ 00000000000000000000000000000000000000000000000000000000000]
StgValue_167         (br               ) [ 01111111111111111111111111111111111111111111111111111111111]
</LifeTime>

<model>

<comp_list>
<comp id="0" class="1000" name="class_hw">
<pin_list>
<pin id="1" dir="1" index="0" bw="1" slack="0"/>
</pin_list>
<bind>
<StgValue><ssdm name="class_hw"/></StgValue>
</bind>
</comp>

<comp id="2" class="1000" name="x">
<pin_list>
<pin id="3" dir="1" index="0" bw="1" slack="0"/>
</pin_list>
<bind>
<StgValue><ssdm name="x"/><MemPortTyVec>1 3 </MemPortTyVec>
</StgValue>
</bind>
</comp>

<comp id="4" class="1000" name="SupVec">
<pin_list>
<pin id="5" dir="1" index="0" bw="1" slack="0"/>
</pin_list>
<bind>
<StgValue><ssdm name="SupVec"/><MemPortTyVec>1 </MemPortTyVec>
</StgValue>
</bind>
</comp>

<comp id="6" class="1000" name="Co">
<pin_list>
<pin id="7" dir="1" index="0" bw="1" slack="0"/>
</pin_list>
<bind>
<StgValue><ssdm name="Co"/><MemPortTyVec>1 </MemPortTyVec>
</StgValue>
</bind>
</comp>

<comp id="8" class="1001" name="const_8">
<pin_list>
<pin id="9" dir="1" index="0" bw="1" slack="2147483647"/>
</pin_list>
<bind>
<StgValue><ssdm name="_ssdm_op_SpecBitsMap"/></StgValue>
</bind>
</comp>

<comp id="10" class="1001" name="const_10">
<pin_list>
<pin id="11" dir="1" index="0" bw="1" slack="2147483647"/>
</pin_list>
<bind>
<StgValue><ssdm name="_ssdm_op_SpecTopModule"/></StgValue>
</bind>
</comp>

<comp id="12" class="1001" name="const_12">
<pin_list>
<pin id="13" dir="1" index="0" bw="1" slack="2147483647"/>
</pin_list>
<bind>
<StgValue><ssdm name="svm_str"/></StgValue>
</bind>
</comp>

<comp id="14" class="1001" name="const_14">
<pin_list>
<pin id="15" dir="1" index="0" bw="1" slack="0"/>
</pin_list>
<bind>
<StgValue><ssdm name=""/></StgValue>
</bind>
</comp>

<comp id="16" class="1001" name="const_16">
<pin_list>
<pin id="17" dir="1" index="0" bw="1" slack="1"/>
</pin_list>
<bind>
<StgValue><ssdm name=""/></StgValue>
</bind>
</comp>

<comp id="18" class="1001" name="const_18">
<pin_list>
<pin id="19" dir="1" index="0" bw="1" slack="0"/>
</pin_list>
<bind>
<StgValue><ssdm name=""/></StgValue>
</bind>
</comp>

<comp id="20" class="1001" name="const_20">
<pin_list>
<pin id="21" dir="1" index="0" bw="1" slack="2147483647"/>
</pin_list>
<bind>
<StgValue><ssdm name="_ssdm_op_SpecLoopTripCount"/></StgValue>
</bind>
</comp>

<comp id="22" class="1001" name="const_22">
<pin_list>
<pin id="23" dir="1" index="0" bw="1" slack="2147483647"/>
</pin_list>
<bind>
<StgValue><ssdm name=""/></StgValue>
</bind>
</comp>

<comp id="24" class="1001" name="const_24">
<pin_list>
<pin id="25" dir="1" index="0" bw="1" slack="0"/>
</pin_list>
<bind>
<StgValue><ssdm name=""/></StgValue>
</bind>
</comp>

<comp id="26" class="1001" name="const_26">
<pin_list>
<pin id="27" dir="1" index="0" bw="1" slack="2147483647"/>
</pin_list>
<bind>
<StgValue><ssdm name="_ssdm_op_SpecLoopName"/></StgValue>
</bind>
</comp>

<comp id="28" class="1001" name="const_28">
<pin_list>
<pin id="29" dir="1" index="0" bw="1" slack="2147483647"/>
</pin_list>
<bind>
<StgValue><ssdm name="p_str"/></StgValue>
</bind>
</comp>

<comp id="30" class="1001" name="const_30">
<pin_list>
<pin id="31" dir="1" index="0" bw="1" slack="2147483647"/>
</pin_list>
<bind>
<StgValue><ssdm name="_ssdm_op_SpecRegionBegin"/></StgValue>
</bind>
</comp>

<comp id="32" class="1001" name="const_32">
<pin_list>
<pin id="33" dir="1" index="0" bw="1" slack="0"/>
</pin_list>
<bind>
<StgValue><ssdm name="_ssdm_op_BitConcatenate.i15.i11.i4"/></StgValue>
</bind>
</comp>

<comp id="34" class="1001" name="const_34">
<pin_list>
<pin id="35" dir="1" index="0" bw="1" slack="0"/>
</pin_list>
<bind>
<StgValue><ssdm name=""/></StgValue>
</bind>
</comp>

<comp id="36" class="1001" name="const_36">
<pin_list>
<pin id="37" dir="1" index="0" bw="1" slack="0"/>
</pin_list>
<bind>
<StgValue><ssdm name="_ssdm_op_BitConcatenate.i12.i11.i1"/></StgValue>
</bind>
</comp>

<comp id="38" class="1001" name="const_38">
<pin_list>
<pin id="39" dir="1" index="0" bw="1" slack="0"/>
</pin_list>
<bind>
<StgValue><ssdm name=""/></StgValue>
</bind>
</comp>

<comp id="40" class="1001" name="const_40">
<pin_list>
<pin id="41" dir="1" index="0" bw="1" slack="0"/>
</pin_list>
<bind>
<StgValue><ssdm name="_ssdm_op_PartSelect.i11.i64.i32.i32"/></StgValue>
</bind>
</comp>

<comp id="42" class="1001" name="const_42">
<pin_list>
<pin id="43" dir="1" index="0" bw="1" slack="0"/>
</pin_list>
<bind>
<StgValue><ssdm name=""/></StgValue>
</bind>
</comp>

<comp id="44" class="1001" name="const_44">
<pin_list>
<pin id="45" dir="1" index="0" bw="1" slack="0"/>
</pin_list>
<bind>
<StgValue><ssdm name=""/></StgValue>
</bind>
</comp>

<comp id="46" class="1001" name="const_46">
<pin_list>
<pin id="47" dir="1" index="0" bw="1" slack="0"/>
</pin_list>
<bind>
<StgValue><ssdm name=""/></StgValue>
</bind>
</comp>

<comp id="48" class="1001" name="const_48">
<pin_list>
<pin id="49" dir="1" index="0" bw="1" slack="0"/>
</pin_list>
<bind>
<StgValue><ssdm name=""/></StgValue>
</bind>
</comp>

<comp id="50" class="1001" name="const_50">
<pin_list>
<pin id="51" dir="1" index="0" bw="1" slack="0"/>
</pin_list>
<bind>
<StgValue><ssdm name=""/></StgValue>
</bind>
</comp>

<comp id="52" class="1001" name="const_52">
<pin_list>
<pin id="53" dir="1" index="0" bw="1" slack="0"/>
</pin_list>
<bind>
<StgValue><ssdm name=""/></StgValue>
</bind>
</comp>

<comp id="54" class="1001" name="const_54">
<pin_list>
<pin id="55" dir="1" index="0" bw="1" slack="0"/>
</pin_list>
<bind>
<StgValue><ssdm name="_ssdm_op_Write.ap_auto.i16P"/></StgValue>
</bind>
</comp>

<comp id="56" class="1001" name="const_56">
<pin_list>
<pin id="57" dir="1" index="0" bw="1" slack="1"/>
</pin_list>
<bind>
<StgValue><ssdm name=""/></StgValue>
</bind>
</comp>

<comp id="58" class="1001" name="const_58">
<pin_list>
<pin id="59" dir="1" index="0" bw="1" slack="1"/>
</pin_list>
<bind>
<StgValue><ssdm name=""/></StgValue>
</bind>
</comp>

<comp id="60" class="1001" name="const_60">
<pin_list>
<pin id="61" dir="1" index="0" bw="1" slack="0"/>
</pin_list>
<bind>
<StgValue><ssdm name=""/></StgValue>
</bind>
</comp>

<comp id="62" class="1001" name="const_62">
<pin_list>
<pin id="63" dir="1" index="0" bw="1" slack="2147483647"/>
</pin_list>
<bind>
<StgValue><ssdm name=""/></StgValue>
</bind>
</comp>

<comp id="64" class="1001" name="const_64">
<pin_list>
<pin id="65" dir="1" index="0" bw="1" slack="0"/>
</pin_list>
<bind>
<StgValue><ssdm name=""/></StgValue>
</bind>
</comp>

<comp id="66" class="1001" name="const_66">
<pin_list>
<pin id="67" dir="1" index="0" bw="1" slack="0"/>
</pin_list>
<bind>
<StgValue><ssdm name=""/></StgValue>
</bind>
</comp>

<comp id="68" class="1001" name="const_68">
<pin_list>
<pin id="69" dir="1" index="0" bw="1" slack="2147483647"/>
</pin_list>
<bind>
<StgValue><ssdm name="p_str1"/></StgValue>
</bind>
</comp>

<comp id="70" class="1001" name="const_70">
<pin_list>
<pin id="71" dir="1" index="0" bw="1" slack="0"/>
</pin_list>
<bind>
<StgValue><ssdm name=""/></StgValue>
</bind>
</comp>

<comp id="72" class="1001" name="const_72">
<pin_list>
<pin id="73" dir="1" index="0" bw="1" slack="0"/>
</pin_list>
<bind>
<StgValue><ssdm name="llvm.exp.f64"/></StgValue>
</bind>
</comp>

<comp id="74" class="1001" name="const_74">
<pin_list>
<pin id="75" dir="1" index="0" bw="1" slack="0"/>
</pin_list>
<bind>
<StgValue><ssdm name=""/></StgValue>
</bind>
</comp>

<comp id="76" class="1001" name="const_76">
<pin_list>
<pin id="77" dir="1" index="0" bw="1" slack="2147483647"/>
</pin_list>
<bind>
<StgValue><ssdm name="_ssdm_op_SpecRegionEnd"/></StgValue>
</bind>
</comp>

<comp id="78" class="1004" name="StgValue_87_write_fu_78">
<pin_list>
<pin id="79" dir="0" index="0" bw="0" slack="0"/>
<pin id="80" dir="0" index="1" bw="16" slack="0"/>
<pin id="81" dir="0" index="2" bw="16" slack="0"/>
<pin id="82" dir="1" index="3" bw="0" slack="2147483647"/>
</pin_list>
<bind>
<opcode="write(1151) " fcode="write"/>
<opset="StgValue_87/2 "/>
</bind>
</comp>

<comp id="85" class="1004" name="SupVec_addr_gep_fu_85">
<pin_list>
<pin id="86" dir="0" index="0" bw="32" slack="0"/>
<pin id="87" dir="0" index="1" bw="1" slack="0"/>
<pin id="88" dir="0" index="2" bw="16" slack="0"/>
<pin id="89" dir="1" index="3" bw="15" slack="0"/>
</pin_list>
<bind>
<opcode="getelementptr(29) " fcode="getelementptr"/>
<opset="SupVec_addr/3 "/>
</bind>
</comp>

<comp id="92" class="1004" name="x_addr_gep_fu_92">
<pin_list>
<pin id="93" dir="0" index="0" bw="32" slack="0"/>
<pin id="94" dir="0" index="1" bw="1" slack="0"/>
<pin id="95" dir="0" index="2" bw="5" slack="0"/>
<pin id="96" dir="1" index="3" bw="5" slack="0"/>
</pin_list>
<bind>
<opcode="getelementptr(29) " fcode="getelementptr"/>
<opset="x_addr/3 "/>
</bind>
</comp>

<comp id="99" class="1004" name="grp_access_fu_99">
<pin_list>
<pin id="100" dir="0" index="0" bw="5" slack="0"/>
<pin id="101" dir="0" index="1" bw="32" slack="2147483647"/>
<pin id="102" dir="0" index="2" bw="0" slack="2147483647"/>
<pin id="103" dir="1" index="3" bw="32" slack="1"/>
</pin_list>
<bind>
<opcode="load(27) " fcode="load"/>
<opset="x_load/3 "/>
</bind>
</comp>

<comp id="105" class="1004" name="grp_access_fu_105">
<pin_list>
<pin id="106" dir="0" index="0" bw="15" slack="0"/>
<pin id="107" dir="0" index="1" bw="32" slack="2147483647"/>
<pin id="108" dir="0" index="2" bw="0" slack="2147483647"/>
<pin id="109" dir="1" index="3" bw="32" slack="1"/>
</pin_list>
<bind>
<opcode="load(27) " fcode="load"/>
<opset="SupVec_load/3 "/>
</bind>
</comp>

<comp id="111" class="1004" name="Co_addr_gep_fu_111">
<pin_list>
<pin id="112" dir="0" index="0" bw="32" slack="0"/>
<pin id="113" dir="0" index="1" bw="1" slack="0"/>
<pin id="114" dir="0" index="2" bw="11" slack="1"/>
<pin id="115" dir="1" index="3" bw="11" slack="0"/>
</pin_list>
<bind>
<opcode="getelementptr(29) " fcode="getelementptr"/>
<opset="Co_addr/3 "/>
</bind>
</comp>

<comp id="118" class="1004" name="grp_access_fu_118">
<pin_list>
<pin id="119" dir="0" index="0" bw="11" slack="0"/>
<pin id="120" dir="0" index="1" bw="32" slack="2147483647"/>
<pin id="121" dir="0" index="2" bw="0" slack="2147483647"/>
<pin id="122" dir="1" index="3" bw="32" slack="23"/>
</pin_list>
<bind>
<opcode="load(27) " fcode="load"/>
<opset="Co_load/3 "/>
</bind>
</comp>

<comp id="124" class="1005" name="sum_reg_124">
<pin_list>
<pin id="125" dir="0" index="0" bw="64" slack="1"/>
<pin id="126" dir="1" index="1" bw="64" slack="1"/>
</pin_list>
<bind>
<opset="sum (phireg) "/>
</bind>
</comp>

<comp id="128" class="1004" name="sum_phi_fu_128">
<pin_list>
<pin id="129" dir="0" index="0" bw="64" slack="1"/>
<pin id="130" dir="0" index="1" bw="0" slack="2147483647"/>
<pin id="131" dir="0" index="2" bw="64" slack="1"/>
<pin id="132" dir="0" index="3" bw="0" slack="2147483647"/>
<pin id="133" dir="1" index="4" bw="64" slack="0"/>
</pin_list>
<bind>
<opcode="phi(47) " fcode="phi"/>
<opset="sum/2 "/>
</bind>
</comp>

<comp id="136" class="1005" name="i_reg_136">
<pin_list>
<pin id="137" dir="0" index="0" bw="11" slack="1"/>
<pin id="138" dir="1" index="1" bw="11" slack="1"/>
</pin_list>
<bind>
<opset="i (phireg) "/>
</bind>
</comp>

<comp id="140" class="1004" name="i_phi_fu_140">
<pin_list>
<pin id="141" dir="0" index="0" bw="1" slack="1"/>
<pin id="142" dir="0" index="1" bw="0" slack="2147483647"/>
<pin id="143" dir="0" index="2" bw="11" slack="0"/>
<pin id="144" dir="0" index="3" bw="0" slack="2147483647"/>
<pin id="145" dir="1" index="4" bw="11" slack="0"/>
</pin_list>
<bind>
<opcode="phi(47) " fcode="phi"/>
<opset="i/2 "/>
</bind>
</comp>

<comp id="147" class="1005" name="norm_reg_147">
<pin_list>
<pin id="148" dir="0" index="0" bw="32" slack="1"/>
<pin id="149" dir="1" index="1" bw="32" slack="1"/>
</pin_list>
<bind>
<opset="norm (phireg) "/>
</bind>
</comp>

<comp id="151" class="1004" name="norm_phi_fu_151">
<pin_list>
<pin id="152" dir="0" index="0" bw="32" slack="1"/>
<pin id="153" dir="0" index="1" bw="0" slack="2147483647"/>
<pin id="154" dir="0" index="2" bw="32" slack="1"/>
<pin id="155" dir="0" index="3" bw="0" slack="2147483647"/>
<pin id="156" dir="1" index="4" bw="32" slack="0"/>
</pin_list>
<bind>
<opcode="phi(47) " fcode="phi"/>
<opset="norm/3 "/>
</bind>
</comp>

<comp id="159" class="1005" name="j_reg_159">
<pin_list>
<pin id="160" dir="0" index="0" bw="5" slack="1"/>
<pin id="161" dir="1" index="1" bw="5" slack="1"/>
</pin_list>
<bind>
<opset="j (phireg) "/>
</bind>
</comp>

<comp id="163" class="1004" name="j_phi_fu_163">
<pin_list>
<pin id="164" dir="0" index="0" bw="1" slack="1"/>
<pin id="165" dir="0" index="1" bw="0" slack="2147483647"/>
<pin id="166" dir="0" index="2" bw="5" slack="0"/>
<pin id="167" dir="0" index="3" bw="0" slack="2147483647"/>
<pin id="168" dir="1" index="4" bw="5" slack="0"/>
</pin_list>
<bind>
<opcode="phi(47) " fcode="phi"/>
<opset="j/3 "/>
</bind>
</comp>

<comp id="170" class="1004" name="grp_fu_170">
<pin_list>
<pin id="171" dir="0" index="0" bw="32" slack="1"/>
<pin id="172" dir="0" index="1" bw="32" slack="1"/>
<pin id="173" dir="1" index="2" bw="32" slack="1"/>
</pin_list>
<bind>
<opcode="fadd(9) fsub(11) " fcode="fadd"/>
<opset="dif/5 norm_1/14 "/>
</bind>
</comp>

<comp id="175" class="1004" name="grp_fu_175">
<pin_list>
<pin id="176" dir="0" index="0" bw="32" slack="1"/>
<pin id="177" dir="0" index="1" bw="32" slack="1"/>
<pin id="178" dir="1" index="2" bw="32" slack="1"/>
</pin_list>
<bind>
<opcode="fmul(13) " fcode="fmul"/>
<opset="tmp_8/10 "/>
</bind>
</comp>

<comp id="179" class="1004" name="grp_fu_179">
<pin_list>
<pin id="180" dir="0" index="0" bw="32" slack="0"/>
<pin id="181" dir="1" index="1" bw="64" slack="1"/>
</pin_list>
<bind>
<opcode="fpext(41) " fcode="fpext"/>
<opset="tmp_3/3 tmp_2/42 "/>
</bind>
</comp>

<comp id="183" class="1004" name="grp_fu_183">
<pin_list>
<pin id="184" dir="0" index="0" bw="64" slack="1"/>
<pin id="185" dir="0" index="1" bw="64" slack="0"/>
<pin id="186" dir="1" index="2" bw="64" slack="1"/>
</pin_list>
<bind>
<opcode="dadd(508) " fcode="dadd"/>
<opset="tmp_7/49 sum_1/54 "/>
</bind>
</comp>

<comp id="189" class="1004" name="grp_fu_189">
<pin_list>
<pin id="190" dir="0" index="0" bw="64" slack="1"/>
<pin id="191" dir="0" index="1" bw="64" slack="0"/>
<pin id="192" dir="1" index="2" bw="64" slack="1"/>
</pin_list>
<bind>
<opcode="dmul(510) " fcode="dmul"/>
<opset="tmp_4/19 tmp_6/43 "/>
</bind>
</comp>

<comp id="194" class="1004" name="tmp_12_fu_194">
<pin_list>
<pin id="195" dir="0" index="0" bw="64" slack="0"/>
<pin id="196" dir="0" index="1" bw="64" slack="0"/>
<pin id="197" dir="1" index="2" bw="1" slack="0"/>
</pin_list>
<bind>
<opcode="dcmp(513) " fcode="dcmp"/>
<opset="tmp_12/2 "/>
</bind>
</comp>

<comp id="200" class="1004" name="grp_fu_200">
<pin_list>
<pin id="201" dir="0" index="0" bw="64" slack="0"/>
<pin id="202" dir="0" index="1" bw="64" slack="1"/>
<pin id="203" dir="1" index="2" bw="64" slack="1"/>
</pin_list>
<bind>
<opcode="dexp(522) " fcode="dexp"/>
<opset="tmp_5/25 "/>
</bind>
</comp>

<comp id="205" class="1005" name="reg_205">
<pin_list>
<pin id="206" dir="0" index="0" bw="64" slack="1"/>
<pin id="207" dir="1" index="1" bw="64" slack="1"/>
</pin_list>
<bind>
<opset="tmp_3 tmp_2 "/>
</bind>
</comp>

<comp id="210" class="1005" name="reg_210">
<pin_list>
<pin id="211" dir="0" index="0" bw="64" slack="1"/>
<pin id="212" dir="1" index="1" bw="64" slack="1"/>
</pin_list>
<bind>
<opset="tmp_4 tmp_6 "/>
</bind>
</comp>

<comp id="216" class="1004" name="exitcond1_fu_216">
<pin_list>
<pin id="217" dir="0" index="0" bw="11" slack="0"/>
<pin id="218" dir="0" index="1" bw="11" slack="0"/>
<pin id="219" dir="1" index="2" bw="1" slack="2147483647"/>
</pin_list>
<bind>
<opcode="icmp(45) " fcode="icmp"/>
<opset="exitcond1/2 "/>
</bind>
</comp>

<comp id="222" class="1004" name="i_1_fu_222">
<pin_list>
<pin id="223" dir="0" index="0" bw="11" slack="0"/>
<pin id="224" dir="0" index="1" bw="1" slack="0"/>
<pin id="225" dir="1" index="2" bw="11" slack="0"/>
</pin_list>
<bind>
<opcode="add(8) " fcode="add"/>
<opset="i_1/2 "/>
</bind>
</comp>

<comp id="228" class="1004" name="tmp_1_fu_228">
<pin_list>
<pin id="229" dir="0" index="0" bw="11" slack="0"/>
<pin id="230" dir="1" index="1" bw="64" slack="1"/>
</pin_list>
<bind>
<opcode="zext(34) " fcode="zext"/>
<opset="tmp_1/2 "/>
</bind>
</comp>

<comp id="232" class="1004" name="tmp_14_fu_232">
<pin_list>
<pin id="233" dir="0" index="0" bw="15" slack="0"/>
<pin id="234" dir="0" index="1" bw="11" slack="0"/>
<pin id="235" dir="0" index="2" bw="1" slack="0"/>
<pin id="236" dir="1" index="3" bw="15" slack="0"/>
</pin_list>
<bind>
<opcode="bitconcatenate(1004) " fcode="bitconcatenate"/>
<opset="tmp_14/2 "/>
</bind>
</comp>

<comp id="240" class="1004" name="p_shl_cast_fu_240">
<pin_list>
<pin id="241" dir="0" index="0" bw="15" slack="0"/>
<pin id="242" dir="1" index="1" bw="16" slack="0"/>
</pin_list>
<bind>
<opcode="zext(34) " fcode="zext"/>
<opset="p_shl_cast/2 "/>
</bind>
</comp>

<comp id="244" class="1004" name="tmp_15_fu_244">
<pin_list>
<pin id="245" dir="0" index="0" bw="12" slack="0"/>
<pin id="246" dir="0" index="1" bw="11" slack="0"/>
<pin id="247" dir="0" index="2" bw="1" slack="0"/>
<pin id="248" dir="1" index="3" bw="12" slack="0"/>
</pin_list>
<bind>
<opcode="bitconcatenate(1004) " fcode="bitconcatenate"/>
<opset="tmp_15/2 "/>
</bind>
</comp>

<comp id="252" class="1004" name="p_shl1_cast_fu_252">
<pin_list>
<pin id="253" dir="0" index="0" bw="12" slack="0"/>
<pin id="254" dir="1" index="1" bw="16" slack="0"/>
</pin_list>
<bind>
<opcode="zext(34) " fcode="zext"/>
<opset="p_shl1_cast/2 "/>
</bind>
</comp>

<comp id="256" class="1004" name="tmp_16_fu_256">
<pin_list>
<pin id="257" dir="0" index="0" bw="12" slack="0"/>
<pin id="258" dir="0" index="1" bw="15" slack="0"/>
<pin id="259" dir="1" index="2" bw="16" slack="1"/>
</pin_list>
<bind>
<opcode="add(8) " fcode="add"/>
<opset="tmp_16/2 "/>
</bind>
</comp>

<comp id="262" class="1004" name="sum_to_int_fu_262">
<pin_list>
<pin id="263" dir="0" index="0" bw="64" slack="0"/>
<pin id="264" dir="1" index="1" bw="64" slack="0"/>
</pin_list>
<bind>
<opcode="bitcast(44) " fcode="bitcast"/>
<opset="sum_to_int/2 "/>
</bind>
</comp>

<comp id="266" class="1004" name="tmp_fu_266">
<pin_list>
<pin id="267" dir="0" index="0" bw="11" slack="0"/>
<pin id="268" dir="0" index="1" bw="64" slack="0"/>
<pin id="269" dir="0" index="2" bw="7" slack="0"/>
<pin id="270" dir="0" index="3" bw="7" slack="0"/>
<pin id="271" dir="1" index="4" bw="11" slack="0"/>
</pin_list>
<bind>
<opcode="partselect(1002) " fcode="partselect"/>
<opset="tmp/2 "/>
</bind>
</comp>

<comp id="276" class="1004" name="tmp_10_fu_276">
<pin_list>
<pin id="277" dir="0" index="0" bw="64" slack="0"/>
<pin id="278" dir="1" index="1" bw="52" slack="0"/>
</pin_list>
<bind>
<opcode="trunc(33) " fcode="trunc"/>
<opset="tmp_10/2 "/>
</bind>
</comp>

<comp id="280" class="1004" name="notlhs_fu_280">
<pin_list>
<pin id="281" dir="0" index="0" bw="11" slack="0"/>
<pin id="282" dir="0" index="1" bw="11" slack="0"/>
<pin id="283" dir="1" index="2" bw="1" slack="0"/>
</pin_list>
<bind>
<opcode="icmp(45) " fcode="icmp"/>
<opset="notlhs/2 "/>
</bind>
</comp>

<comp id="286" class="1004" name="notrhs_fu_286">
<pin_list>
<pin id="287" dir="0" index="0" bw="52" slack="0"/>
<pin id="288" dir="0" index="1" bw="52" slack="0"/>
<pin id="289" dir="1" index="2" bw="1" slack="0"/>
</pin_list>
<bind>
<opcode="icmp(45) " fcode="icmp"/>
<opset="notrhs/2 "/>
</bind>
</comp>

<comp id="292" class="1004" name="tmp_11_fu_292">
<pin_list>
<pin id="293" dir="0" index="0" bw="1" slack="0"/>
<pin id="294" dir="0" index="1" bw="1" slack="0"/>
<pin id="295" dir="1" index="2" bw="1" slack="0"/>
</pin_list>
<bind>
<opcode="or(24) " fcode="or"/>
<opset="tmp_11/2 "/>
</bind>
</comp>

<comp id="298" class="1004" name="tmp_13_fu_298">
<pin_list>
<pin id="299" dir="0" index="0" bw="1" slack="0"/>
<pin id="300" dir="0" index="1" bw="1" slack="0"/>
<pin id="301" dir="1" index="2" bw="1" slack="0"/>
</pin_list>
<bind>
<opcode="and(23) " fcode="and"/>
<opset="tmp_13/2 "/>
</bind>
</comp>

<comp id="304" class="1004" name="storemerge_cast_cast_fu_304">
<pin_list>
<pin id="305" dir="0" index="0" bw="1" slack="0"/>
<pin id="306" dir="0" index="1" bw="16" slack="0"/>
<pin id="307" dir="0" index="2" bw="16" slack="0"/>
<pin id="308" dir="1" index="3" bw="16" slack="0"/>
</pin_list>
<bind>
<opcode="select(49) " fcode="select"/>
<opset="storemerge_cast_cast/2 "/>
</bind>
</comp>

<comp id="313" class="1004" name="exitcond_fu_313">
<pin_list>
<pin id="314" dir="0" index="0" bw="5" slack="0"/>
<pin id="315" dir="0" index="1" bw="5" slack="0"/>
<pin id="316" dir="1" index="2" bw="1" slack="2147483647"/>
</pin_list>
<bind>
<opcode="icmp(45) " fcode="icmp"/>
<opset="exitcond/3 "/>
</bind>
</comp>

<comp id="319" class="1004" name="j_1_fu_319">
<pin_list>
<pin id="320" dir="0" index="0" bw="5" slack="0"/>
<pin id="321" dir="0" index="1" bw="1" slack="0"/>
<pin id="322" dir="1" index="2" bw="5" slack="0"/>
</pin_list>
<bind>
<opcode="add(8) " fcode="add"/>
<opset="j_1/3 "/>
</bind>
</comp>

<comp id="325" class="1004" name="tmp_s_fu_325">
<pin_list>
<pin id="326" dir="0" index="0" bw="5" slack="0"/>
<pin id="327" dir="1" index="1" bw="64" slack="0"/>
</pin_list>
<bind>
<opcode="zext(34) " fcode="zext"/>
<opset="tmp_s/3 "/>
</bind>
</comp>

<comp id="330" class="1004" name="tmp_cast_fu_330">
<pin_list>
<pin id="331" dir="0" index="0" bw="5" slack="0"/>
<pin id="332" dir="1" index="1" bw="16" slack="0"/>
</pin_list>
<bind>
<opcode="zext(34) " fcode="zext"/>
<opset="tmp_cast/3 "/>
</bind>
</comp>

<comp id="334" class="1004" name="tmp_17_fu_334">
<pin_list>
<pin id="335" dir="0" index="0" bw="16" slack="1"/>
<pin id="336" dir="0" index="1" bw="5" slack="0"/>
<pin id="337" dir="1" index="2" bw="16" slack="0"/>
</pin_list>
<bind>
<opcode="add(8) " fcode="add"/>
<opset="tmp_17/3 "/>
</bind>
</comp>

<comp id="339" class="1004" name="tmp_17_cast_fu_339">
<pin_list>
<pin id="340" dir="0" index="0" bw="16" slack="0"/>
<pin id="341" dir="1" index="1" bw="64" slack="0"/>
</pin_list>
<bind>
<opcode="zext(34) " fcode="zext"/>
<opset="tmp_17_cast/3 "/>
</bind>
</comp>

<comp id="347" class="1005" name="i_1_reg_347">
<pin_list>
<pin id="348" dir="0" index="0" bw="11" slack="0"/>
<pin id="349" dir="1" index="1" bw="11" slack="0"/>
</pin_list>
<bind>
<opset="i_1 "/>
</bind>
</comp>

<comp id="352" class="1005" name="tmp_1_reg_352">
<pin_list>
<pin id="353" dir="0" index="0" bw="64" slack="1"/>
<pin id="354" dir="1" index="1" bw="64" slack="1"/>
</pin_list>
<bind>
<opset="tmp_1 "/>
</bind>
</comp>

<comp id="357" class="1005" name="tmp_16_reg_357">
<pin_list>
<pin id="358" dir="0" index="0" bw="16" slack="1"/>
<pin id="359" dir="1" index="1" bw="16" slack="1"/>
</pin_list>
<bind>
<opset="tmp_16 "/>
</bind>
</comp>

<comp id="365" class="1005" name="j_1_reg_365">
<pin_list>
<pin id="366" dir="0" index="0" bw="5" slack="0"/>
<pin id="367" dir="1" index="1" bw="5" slack="0"/>
</pin_list>
<bind>
<opset="j_1 "/>
</bind>
</comp>

<comp id="370" class="1005" name="SupVec_addr_reg_370">
<pin_list>
<pin id="371" dir="0" index="0" bw="15" slack="1"/>
<pin id="372" dir="1" index="1" bw="15" slack="1"/>
</pin_list>
<bind>
<opset="SupVec_addr "/>
</bind>
</comp>

<comp id="375" class="1005" name="x_addr_reg_375">
<pin_list>
<pin id="376" dir="0" index="0" bw="5" slack="1"/>
<pin id="377" dir="1" index="1" bw="5" slack="1"/>
</pin_list>
<bind>
<opset="x_addr "/>
</bind>
</comp>

<comp id="380" class="1005" name="Co_addr_reg_380">
<pin_list>
<pin id="381" dir="0" index="0" bw="11" slack="1"/>
<pin id="382" dir="1" index="1" bw="11" slack="1"/>
</pin_list>
<bind>
<opset="Co_addr "/>
</bind>
</comp>

<comp id="385" class="1005" name="x_load_reg_385">
<pin_list>
<pin id="386" dir="0" index="0" bw="32" slack="1"/>
<pin id="387" dir="1" index="1" bw="32" slack="1"/>
</pin_list>
<bind>
<opset="x_load "/>
</bind>
</comp>

<comp id="390" class="1005" name="SupVec_load_reg_390">
<pin_list>
<pin id="391" dir="0" index="0" bw="32" slack="1"/>
<pin id="392" dir="1" index="1" bw="32" slack="1"/>
</pin_list>
<bind>
<opset="SupVec_load "/>
</bind>
</comp>

<comp id="395" class="1005" name="dif_reg_395">
<pin_list>
<pin id="396" dir="0" index="0" bw="32" slack="1"/>
<pin id="397" dir="1" index="1" bw="32" slack="1"/>
</pin_list>
<bind>
<opset="dif "/>
</bind>
</comp>

<comp id="401" class="1005" name="tmp_8_reg_401">
<pin_list>
<pin id="402" dir="0" index="0" bw="32" slack="1"/>
<pin id="403" dir="1" index="1" bw="32" slack="1"/>
</pin_list>
<bind>
<opset="tmp_8 "/>
</bind>
</comp>

<comp id="406" class="1005" name="norm_1_reg_406">
<pin_list>
<pin id="407" dir="0" index="0" bw="32" slack="1"/>
<pin id="408" dir="1" index="1" bw="32" slack="1"/>
</pin_list>
<bind>
<opset="norm_1 "/>
</bind>
</comp>

<comp id="411" class="1005" name="Co_load_reg_411">
<pin_list>
<pin id="412" dir="0" index="0" bw="32" slack="23"/>
<pin id="413" dir="1" index="1" bw="32" slack="23"/>
</pin_list>
<bind>
<opset="Co_load "/>
</bind>
</comp>

<comp id="416" class="1005" name="tmp_5_reg_416">
<pin_list>
<pin id="417" dir="0" index="0" bw="64" slack="1"/>
<pin id="418" dir="1" index="1" bw="64" slack="1"/>
</pin_list>
<bind>
<opset="tmp_5 "/>
</bind>
</comp>

<comp id="421" class="1005" name="tmp_7_reg_421">
<pin_list>
<pin id="422" dir="0" index="0" bw="64" slack="1"/>
<pin id="423" dir="1" index="1" bw="64" slack="1"/>
</pin_list>
<bind>
<opset="tmp_7 "/>
</bind>
</comp>

<comp id="426" class="1005" name="sum_1_reg_426">
<pin_list>
<pin id="427" dir="0" index="0" bw="64" slack="1"/>
<pin id="428" dir="1" index="1" bw="64" slack="1"/>
</pin_list>
<bind>
<opset="sum_1 "/>
</bind>
</comp>

</comp_list>

<net_list>
<net id="83"><net_src comp="54" pin="0"/><net_sink comp="78" pin=0"/></net>

<net id="84"><net_src comp="0" pin="0"/><net_sink comp="78" pin=1"/></net>

<net id="90"><net_src comp="4" pin="0"/><net_sink comp="85" pin=0"/></net>

<net id="91"><net_src comp="66" pin="0"/><net_sink comp="85" pin=1"/></net>

<net id="97"><net_src comp="2" pin="0"/><net_sink comp="92" pin=0"/></net>

<net id="98"><net_src comp="66" pin="0"/><net_sink comp="92" pin=1"/></net>

<net id="104"><net_src comp="92" pin="3"/><net_sink comp="99" pin=0"/></net>

<net id="110"><net_src comp="85" pin="3"/><net_sink comp="105" pin=0"/></net>

<net id="116"><net_src comp="6" pin="0"/><net_sink comp="111" pin=0"/></net>

<net id="117"><net_src comp="66" pin="0"/><net_sink comp="111" pin=1"/></net>

<net id="123"><net_src comp="111" pin="3"/><net_sink comp="118" pin=0"/></net>

<net id="127"><net_src comp="14" pin="0"/><net_sink comp="124" pin=0"/></net>

<net id="134"><net_src comp="124" pin="1"/><net_sink comp="128" pin=0"/></net>

<net id="135"><net_src comp="128" pin="4"/><net_sink comp="124" pin=0"/></net>

<net id="139"><net_src comp="16" pin="0"/><net_sink comp="136" pin=0"/></net>

<net id="146"><net_src comp="136" pin="1"/><net_sink comp="140" pin=0"/></net>

<net id="150"><net_src comp="56" pin="0"/><net_sink comp="147" pin=0"/></net>

<net id="157"><net_src comp="147" pin="1"/><net_sink comp="151" pin=0"/></net>

<net id="158"><net_src comp="151" pin="4"/><net_sink comp="147" pin=0"/></net>

<net id="162"><net_src comp="58" pin="0"/><net_sink comp="159" pin=0"/></net>

<net id="169"><net_src comp="159" pin="1"/><net_sink comp="163" pin=0"/></net>

<net id="174"><net_src comp="147" pin="1"/><net_sink comp="170" pin=0"/></net>

<net id="182"><net_src comp="151" pin="4"/><net_sink comp="179" pin=0"/></net>

<net id="187"><net_src comp="74" pin="0"/><net_sink comp="183" pin=1"/></net>

<net id="188"><net_src comp="124" pin="1"/><net_sink comp="183" pin=0"/></net>

<net id="193"><net_src comp="70" pin="0"/><net_sink comp="189" pin=1"/></net>

<net id="198"><net_src comp="128" pin="4"/><net_sink comp="194" pin=0"/></net>

<net id="199"><net_src comp="14" pin="0"/><net_sink comp="194" pin=1"/></net>

<net id="204"><net_src comp="72" pin="0"/><net_sink comp="200" pin=0"/></net>

<net id="208"><net_src comp="179" pin="1"/><net_sink comp="205" pin=0"/></net>

<net id="209"><net_src comp="205" pin="1"/><net_sink comp="189" pin=0"/></net>

<net id="213"><net_src comp="189" pin="2"/><net_sink comp="210" pin=0"/></net>

<net id="214"><net_src comp="210" pin="1"/><net_sink comp="200" pin=1"/></net>

<net id="215"><net_src comp="210" pin="1"/><net_sink comp="183" pin=0"/></net>

<net id="220"><net_src comp="140" pin="4"/><net_sink comp="216" pin=0"/></net>

<net id="221"><net_src comp="18" pin="0"/><net_sink comp="216" pin=1"/></net>

<net id="226"><net_src comp="140" pin="4"/><net_sink comp="222" pin=0"/></net>

<net id="227"><net_src comp="24" pin="0"/><net_sink comp="222" pin=1"/></net>

<net id="231"><net_src comp="140" pin="4"/><net_sink comp="228" pin=0"/></net>

<net id="237"><net_src comp="32" pin="0"/><net_sink comp="232" pin=0"/></net>

<net id="238"><net_src comp="140" pin="4"/><net_sink comp="232" pin=1"/></net>

<net id="239"><net_src comp="34" pin="0"/><net_sink comp="232" pin=2"/></net>

<net id="243"><net_src comp="232" pin="3"/><net_sink comp="240" pin=0"/></net>

<net id="249"><net_src comp="36" pin="0"/><net_sink comp="244" pin=0"/></net>

<net id="250"><net_src comp="140" pin="4"/><net_sink comp="244" pin=1"/></net>

<net id="251"><net_src comp="38" pin="0"/><net_sink comp="244" pin=2"/></net>

<net id="255"><net_src comp="244" pin="3"/><net_sink comp="252" pin=0"/></net>

<net id="260"><net_src comp="252" pin="1"/><net_sink comp="256" pin=0"/></net>

<net id="261"><net_src comp="240" pin="1"/><net_sink comp="256" pin=1"/></net>

<net id="265"><net_src comp="128" pin="4"/><net_sink comp="262" pin=0"/></net>

<net id="272"><net_src comp="40" pin="0"/><net_sink comp="266" pin=0"/></net>

<net id="273"><net_src comp="262" pin="1"/><net_sink comp="266" pin=1"/></net>

<net id="274"><net_src comp="42" pin="0"/><net_sink comp="266" pin=2"/></net>

<net id="275"><net_src comp="44" pin="0"/><net_sink comp="266" pin=3"/></net>

<net id="279"><net_src comp="262" pin="1"/><net_sink comp="276" pin=0"/></net>

<net id="284"><net_src comp="266" pin="4"/><net_sink comp="280" pin=0"/></net>

<net id="285"><net_src comp="46" pin="0"/><net_sink comp="280" pin=1"/></net>

<net id="290"><net_src comp="276" pin="1"/><net_sink comp="286" pin=0"/></net>

<net id="291"><net_src comp="48" pin="0"/><net_sink comp="286" pin=1"/></net>

<net id="296"><net_src comp="286" pin="2"/><net_sink comp="292" pin=0"/></net>

<net id="297"><net_src comp="280" pin="2"/><net_sink comp="292" pin=1"/></net>

<net id="302"><net_src comp="292" pin="2"/><net_sink comp="298" pin=0"/></net>

<net id="303"><net_src comp="194" pin="2"/><net_sink comp="298" pin=1"/></net>

<net id="309"><net_src comp="298" pin="2"/><net_sink comp="304" pin=0"/></net>

<net id="310"><net_src comp="50" pin="0"/><net_sink comp="304" pin=1"/></net>

<net id="311"><net_src comp="52" pin="0"/><net_sink comp="304" pin=2"/></net>

<net id="312"><net_src comp="304" pin="3"/><net_sink comp="78" pin=2"/></net>

<net id="317"><net_src comp="163" pin="4"/><net_sink comp="313" pin=0"/></net>

<net id="318"><net_src comp="60" pin="0"/><net_sink comp="313" pin=1"/></net>

<net id="323"><net_src comp="163" pin="4"/><net_sink comp="319" pin=0"/></net>

<net id="324"><net_src comp="64" pin="0"/><net_sink comp="319" pin=1"/></net>

<net id="328"><net_src comp="163" pin="4"/><net_sink comp="325" pin=0"/></net>

<net id="329"><net_src comp="325" pin="1"/><net_sink comp="92" pin=2"/></net>

<net id="333"><net_src comp="163" pin="4"/><net_sink comp="330" pin=0"/></net>

<net id="338"><net_src comp="330" pin="1"/><net_sink comp="334" pin=1"/></net>

<net id="342"><net_src comp="334" pin="2"/><net_sink comp="339" pin=0"/></net>

<net id="343"><net_src comp="339" pin="1"/><net_sink comp="85" pin=2"/></net>

<net id="350"><net_src comp="222" pin="2"/><net_sink comp="347" pin=0"/></net>

<net id="351"><net_src comp="347" pin="1"/><net_sink comp="140" pin=2"/></net>

<net id="355"><net_src comp="228" pin="1"/><net_sink comp="352" pin=0"/></net>

<net id="356"><net_src comp="352" pin="1"/><net_sink comp="111" pin=2"/></net>

<net id="360"><net_src comp="256" pin="2"/><net_sink comp="357" pin=0"/></net>

<net id="361"><net_src comp="357" pin="1"/><net_sink comp="334" pin=0"/></net>

<net id="368"><net_src comp="319" pin="2"/><net_sink comp="365" pin=0"/></net>

<net id="369"><net_src comp="365" pin="1"/><net_sink comp="163" pin=2"/></net>

<net id="373"><net_src comp="85" pin="3"/><net_sink comp="370" pin=0"/></net>

<net id="374"><net_src comp="370" pin="1"/><net_sink comp="105" pin=0"/></net>

<net id="378"><net_src comp="92" pin="3"/><net_sink comp="375" pin=0"/></net>

<net id="379"><net_src comp="375" pin="1"/><net_sink comp="99" pin=0"/></net>

<net id="383"><net_src comp="111" pin="3"/><net_sink comp="380" pin=0"/></net>

<net id="384"><net_src comp="380" pin="1"/><net_sink comp="118" pin=0"/></net>

<net id="388"><net_src comp="99" pin="3"/><net_sink comp="385" pin=0"/></net>

<net id="389"><net_src comp="385" pin="1"/><net_sink comp="170" pin=0"/></net>

<net id="393"><net_src comp="105" pin="3"/><net_sink comp="390" pin=0"/></net>

<net id="394"><net_src comp="390" pin="1"/><net_sink comp="170" pin=1"/></net>

<net id="398"><net_src comp="170" pin="2"/><net_sink comp="395" pin=0"/></net>

<net id="399"><net_src comp="395" pin="1"/><net_sink comp="175" pin=0"/></net>

<net id="400"><net_src comp="395" pin="1"/><net_sink comp="175" pin=1"/></net>

<net id="404"><net_src comp="175" pin="2"/><net_sink comp="401" pin=0"/></net>

<net id="405"><net_src comp="401" pin="1"/><net_sink comp="170" pin=1"/></net>

<net id="409"><net_src comp="170" pin="2"/><net_sink comp="406" pin=0"/></net>

<net id="410"><net_src comp="406" pin="1"/><net_sink comp="151" pin=2"/></net>

<net id="414"><net_src comp="118" pin="3"/><net_sink comp="411" pin=0"/></net>

<net id="415"><net_src comp="411" pin="1"/><net_sink comp="179" pin=0"/></net>

<net id="419"><net_src comp="200" pin="2"/><net_sink comp="416" pin=0"/></net>

<net id="420"><net_src comp="416" pin="1"/><net_sink comp="189" pin=1"/></net>

<net id="424"><net_src comp="183" pin="2"/><net_sink comp="421" pin=0"/></net>

<net id="425"><net_src comp="421" pin="1"/><net_sink comp="183" pin=1"/></net>

<net id="429"><net_src comp="183" pin="2"/><net_sink comp="426" pin=0"/></net>

<net id="430"><net_src comp="426" pin="1"/><net_sink comp="128" pin=2"/></net>

</net_list>

</model> 
---------------- Datapath Model END ------------------

* FSMD analyzer results:
  - Output states:
	Port: class_hw | {2 }
 - Input state : 
	Port: svm : x | {3 4 }
	Port: svm : SupVec | {3 4 }
	Port: svm : Co | {3 19 }
  - Chain level:
	State 1
	State 2
		exitcond1 : 1
		i_1 : 1
		StgValue_68 : 2
		tmp_1 : 1
		tmp_14 : 1
		p_shl_cast : 2
		tmp_15 : 1
		p_shl1_cast : 2
		tmp_16 : 3
		sum_to_int : 1
		tmp : 2
		tmp_10 : 2
		notlhs : 3
		notrhs : 3
		tmp_11 : 4
		tmp_12 : 1
		tmp_13 : 4
		storemerge_cast_cast : 4
		StgValue_87 : 5
	State 3
		exitcond : 1
		j_1 : 1
		StgValue_94 : 2
		tmp_s : 1
		tmp_cast : 1
		tmp_17 : 2
		tmp_17_cast : 3
		SupVec_addr : 4
		x_addr : 2
		x_load : 3
		SupVec_load : 5
		Co_load : 1
		tmp_3 : 1
	State 4
	State 5
	State 6
	State 7
	State 8
	State 9
	State 10
	State 11
	State 12
	State 13
	State 14
	State 15
	State 16
	State 17
	State 18
	State 19
	State 20
	State 21
	State 22
	State 23
	State 24
	State 25
	State 26
	State 27
	State 28
	State 29
	State 30
	State 31
	State 32
	State 33
	State 34
	State 35
	State 36
	State 37
	State 38
	State 39
	State 40
	State 41
	State 42
	State 43
	State 44
	State 45
	State 46
	State 47
	State 48
	State 49
	State 50
	State 51
	State 52
	State 53
	State 54
	State 55
	State 56
	State 57
	State 58


============================================================
+ Verbose Summary: Datapath Resource usage 
============================================================

* Functional unit list:
|----------|-----------------------------|---------|---------|---------|
| Operation|       Functional Unit       |  DSP48E |    FF   |   LUT   |
|----------|-----------------------------|---------|---------|---------|
|   dexp   |          grp_fu_200         |    26   |   1549  |   2599  |
|----------|-----------------------------|---------|---------|---------|
|   dadd   |          grp_fu_183         |    3    |   445   |   1149  |
|----------|-----------------------------|---------|---------|---------|
|   dmul   |          grp_fu_189         |    11   |   317   |   578   |
|----------|-----------------------------|---------|---------|---------|
|   dcmp   |        tmp_12_fu_194        |    0    |   130   |   469   |
|----------|-----------------------------|---------|---------|---------|
|   fadd   |          grp_fu_170         |    2    |   205   |   390   |
|----------|-----------------------------|---------|---------|---------|
|   fmul   |          grp_fu_175         |    3    |   143   |   321   |
|----------|-----------------------------|---------|---------|---------|
|   fpext  |          grp_fu_179         |    0    |   100   |   138   |
|----------|-----------------------------|---------|---------|---------|
|          |          i_1_fu_222         |    0    |    0    |    13   |
|    add   |        tmp_16_fu_256        |    0    |    0    |    21   |
|          |          j_1_fu_319         |    0    |    0    |    15   |
|          |        tmp_17_fu_334        |    0    |    0    |    23   |
|----------|-----------------------------|---------|---------|---------|
|          |       exitcond1_fu_216      |    0    |    0    |    13   |
|   icmp   |        notlhs_fu_280        |    0    |    0    |    13   |
|          |        notrhs_fu_286        |    0    |    0    |    29   |
|          |       exitcond_fu_313       |    0    |    0    |    11   |
|----------|-----------------------------|---------|---------|---------|
|  select  | storemerge_cast_cast_fu_304 |    0    |    0    |    16   |
|----------|-----------------------------|---------|---------|---------|
|    or    |        tmp_11_fu_292        |    0    |    0    |    2    |
|----------|-----------------------------|---------|---------|---------|
|    and   |        tmp_13_fu_298        |    0    |    0    |    2    |
|----------|-----------------------------|---------|---------|---------|
|   write  |   StgValue_87_write_fu_78   |    0    |    0    |    0    |
|----------|-----------------------------|---------|---------|---------|
|          |         tmp_1_fu_228        |    0    |    0    |    0    |
|          |      p_shl_cast_fu_240      |    0    |    0    |    0    |
|   zext   |      p_shl1_cast_fu_252     |    0    |    0    |    0    |
|          |         tmp_s_fu_325        |    0    |    0    |    0    |
|          |       tmp_cast_fu_330       |    0    |    0    |    0    |
|          |      tmp_17_cast_fu_339     |    0    |    0    |    0    |
|----------|-----------------------------|---------|---------|---------|
|bitconcatenate|        tmp_14_fu_232        |    0    |    0    |    0    |
|          |        tmp_15_fu_244        |    0    |    0    |    0    |
|----------|-----------------------------|---------|---------|---------|
|partselect|          tmp_fu_266         |    0    |    0    |    0    |
|----------|-----------------------------|---------|---------|---------|
|   trunc  |        tmp_10_fu_276        |    0    |    0    |    0    |
|----------|-----------------------------|---------|---------|---------|
|   Total  |                             |    45   |   2889  |   5802  |
|----------|-----------------------------|---------|---------|---------|

Memories:
+------+--------+--------+--------+
|      |  BRAM  |   FF   |   LUT  |
+------+--------+--------+--------+
|  Co  |    4   |    0   |    0   |
|SupVec|   64   |    0   |    0   |
+------+--------+--------+--------+
| Total|   68   |    0   |    0   |
+------+--------+--------+--------+

* Register list:
+-------------------+--------+
|                   |   FF   |
+-------------------+--------+
|  Co_addr_reg_380  |   11   |
|  Co_load_reg_411  |   32   |
|SupVec_addr_reg_370|   15   |
|SupVec_load_reg_390|   32   |
|    dif_reg_395    |   32   |
|    i_1_reg_347    |   11   |
|     i_reg_136     |   11   |
|    j_1_reg_365    |    5   |
|     j_reg_159     |    5   |
|   norm_1_reg_406  |   32   |
|    norm_reg_147   |   32   |
|      reg_205      |   64   |
|      reg_210      |   64   |
|   sum_1_reg_426   |   64   |
|    sum_reg_124    |   64   |
|   tmp_16_reg_357  |   16   |
|   tmp_1_reg_352   |   64   |
|   tmp_5_reg_416   |   64   |
|   tmp_7_reg_421   |   64   |
|   tmp_8_reg_401   |   32   |
|   x_addr_reg_375  |    5   |
|   x_load_reg_385  |   32   |
+-------------------+--------+
|       Total       |   751  |
+-------------------+--------+

* Multiplexer (MUX) list: 
|-------------------|------|------|------|--------||---------||---------|
|        Comp       |  Pin | Size |  BW  | S x BW ||  Delay  ||   LUT   |
|-------------------|------|------|------|--------||---------||---------|
|  grp_access_fu_99 |  p0  |   2  |   5  |   10   ||    9    |
| grp_access_fu_105 |  p0  |   2  |  15  |   30   ||    9    |
| grp_access_fu_118 |  p0  |   2  |  11  |   22   ||    9    |
|    sum_reg_124    |  p0  |   2  |  64  |   128  ||    9    |
|    norm_reg_147   |  p0  |   2  |  32  |   64   ||    9    |
|     grp_fu_170    |  p0  |   2  |  32  |   64   ||    9    |
|     grp_fu_170    |  p1  |   2  |  32  |   64   ||    9    |
|     grp_fu_179    |  p0  |   2  |  32  |   64   ||    9    |
|     grp_fu_183    |  p0  |   2  |  64  |   128  ||    9    |
|     grp_fu_183    |  p1  |   2  |  64  |   128  ||    9    |
|     grp_fu_189    |  p1  |   2  |  64  |   128  ||    9    |
|-------------------|------|------|------|--------||---------||---------|
|       Total       |      |      |      |   830  ||  19.459 ||    99   |
|-------------------|------|------|------|--------||---------||---------|



* Summary:
+-----------+--------+--------+--------+--------+--------+
|           |  BRAM  | DSP48E |  Delay |   FF   |   LUT  |
+-----------+--------+--------+--------+--------+--------+
|  Function |    -   |   45   |    -   |  2889  |  5802  |
|   Memory  |   68   |    -   |    -   |    0   |    0   |
|Multiplexer|    -   |    -   |   19   |    -   |   99   |
|  Register |    -   |    -   |    -   |   751  |    -   |
+-----------+--------+--------+--------+--------+--------+
|   Total   |   68   |   45   |   19   |  3640  |  5901  |
+-----------+--------+--------+--------+--------+--------+
