

================================================================
== Vivado HLS Report for 'svm'
================================================================
* Date:           Thu Jul 15 16:38:15 2021

* Version:        2018.2 (Build 2258646 on Thu Jun 14 20:25:20 MDT 2018)
* Project:        hls2-svm
* Solution:       solution3
* Product family: zynq
* Target device:  xc7z020clg484-1


================================================================
== Performance Estimates
================================================================
+ Timing (ns): 
    * Summary: 
    +--------+-------+----------+------------+
    |  Clock | Target| Estimated| Uncertainty|
    +--------+-------+----------+------------+
    |ap_clk  |  10.00|     8.317|        1.25|
    +--------+-------+----------+------------+

+ Latency (clock cycles): 
    * Summary: 
    +--------+--------+--------+--------+---------+
    |     Latency     |     Interval    | Pipeline|
    |   min  |   max  |   min  |   max  |   Type  |
    +--------+--------+--------+--------+---------+
    |  175969|  175969|  175969|  175969|   none  |
    +--------+--------+--------+--------+---------+

    + Detail: 
        * Instance: 
        N/A

        * Loop: 
        +-------------------+--------+--------+----------+-----------+-----------+------+----------+
        |                   |     Latency     | Iteration|  Initiation Interval  | Trip |          |
        |     Loop Name     |   min  |   max  |  Latency |  achieved |   target  | Count| Pipelined|
        +-------------------+--------+--------+----------+-----------+-----------+------+----------+
        |- Sum_Outter_Loop  |  175968|  175968|       144|          -|          -|  1222|    no    |
        | + Sum_Inner_Loop  |     102|     102|        51|          -|          -|     2|    no    |
        +-------------------+--------+--------+----------+-----------+-----------+------+----------+



================================================================
== Utilization Estimates
================================================================
* Summary: 
+-----------------+---------+-------+--------+-------+
|       Name      | BRAM_18K| DSP48E|   FF   |  LUT  |
+-----------------+---------+-------+--------+-------+
|DSP              |        -|      -|       -|      -|
|Expression       |        -|      -|       0|    450|
|FIFO             |        -|      -|       -|      -|
|Instance         |        -|     50|    3237|   6355|
|Memory           |       68|      -|       0|      0|
|Multiplexer      |        -|      -|       -|    705|
|Register         |        -|      -|     823|      -|
+-----------------+---------+-------+--------+-------+
|Total            |       68|     50|    4060|   7510|
+-----------------+---------+-------+--------+-------+
|Available        |      280|    220|  106400|  53200|
+-----------------+---------+-------+--------+-------+
|Utilization (%)  |       24|     22|       3|     14|
+-----------------+---------+-------+--------+-------+

+ Detail: 
    * Instance: 
    +-------------------------+----------------------+---------+-------+------+------+
    |         Instance        |        Module        | BRAM_18K| DSP48E|  FF  |  LUT |
    +-------------------------+----------------------+---------+-------+------+------+
    |svm_dadd_64ns_64nfYi_U6  |svm_dadd_64ns_64nfYi  |        0|      3|   445|  1149|
    |svm_dcmp_64ns_64nhbi_U8  |svm_dcmp_64ns_64nhbi  |        0|      0|   130|   469|
    |svm_dexp_64ns_64nibs_U9  |svm_dexp_64ns_64nibs  |        0|     26|  1549|  2599|
    |svm_dmul_64ns_64ng8j_U7  |svm_dmul_64ns_64ng8j  |        0|     11|   317|   578|
    |svm_faddfsub_32nsbkb_U1  |svm_faddfsub_32nsbkb  |        0|      2|   205|   390|
    |svm_fmul_32ns_32ndEe_U3  |svm_fmul_32ns_32ndEe  |        0|      3|   143|   321|
    |svm_fmul_32ns_32ndEe_U4  |svm_fmul_32ns_32ndEe  |        0|      3|   143|   321|
    |svm_fpext_32ns_64eOg_U5  |svm_fpext_32ns_64eOg  |        0|      0|   100|   138|
    |svm_fsub_32ns_32ncud_U2  |svm_fsub_32ns_32ncud  |        0|      2|   205|   390|
    +-------------------------+----------------------+---------+-------+------+------+
    |Total                    |                      |        0|     50|  3237|  6355|
    +-------------------------+----------------------+---------+-------+------+------+

    * DSP48: 
    N/A

    * Memory: 
    +----------+------------+---------+---+----+-------+-----+------+-------------+
    |  Memory  |   Module   | BRAM_18K| FF| LUT| Words | Bits| Banks| W*Bits*Banks|
    +----------+------------+---------+---+----+-------+-----+------+-------------+
    |Co_U      |svm_Co      |        4|  0|   0|   1222|   32|     1|        39104|
    |SupVec_U  |svm_SupVec  |       64|  0|   0|  21996|   32|     1|       703872|
    +----------+------------+---------+---+----+-------+-----+------+-------------+
    |Total     |            |       68|  0|   0|  23218|   64|     2|       742976|
    +----------+------------+---------+---+----+-------+-----+------+-------------+

    * FIFO: 
    N/A

    * Expression: 
    +--------------------+----------+-------+---+----+------------+------------+
    |    Variable Name   | Operation| DSP48E| FF| LUT| Bitwidth P0| Bitwidth P1|
    +--------------------+----------+-------+---+----+------------+------------+
    |i_1_fu_411_p2       |     +    |      0|  0|  13|          11|           1|
    |j_1_fu_727_p2       |     +    |      0|  0|  15|           5|           4|
    |tmp_11_fu_627_p2    |     +    |      0|  0|  15|           5|           3|
    |tmp_13_fu_652_p2    |     +    |      0|  0|  15|           5|           3|
    |tmp_15_fu_677_p2    |     +    |      0|  0|  15|           5|           3|
    |tmp_17_fu_702_p2    |     +    |      0|  0|  15|           5|           4|
    |tmp_39_fu_445_p2    |     +    |      0|  0|  23|          16|          16|
    |tmp_40_fu_517_p2    |     +    |      0|  0|  23|          16|          16|
    |tmp_41_fu_542_p2    |     +    |      0|  0|  23|          16|          16|
    |tmp_42_fu_567_p2    |     +    |      0|  0|  23|          16|          16|
    |tmp_43_fu_592_p2    |     +    |      0|  0|  23|          16|          16|
    |tmp_44_fu_617_p2    |     +    |      0|  0|  23|          16|          16|
    |tmp_45_fu_642_p2    |     +    |      0|  0|  23|          16|          16|
    |tmp_46_fu_667_p2    |     +    |      0|  0|  23|          16|          16|
    |tmp_47_fu_692_p2    |     +    |      0|  0|  23|          16|          16|
    |tmp_48_fu_717_p2    |     +    |      0|  0|  23|          16|          16|
    |tmp_4_fu_527_p2     |     +    |      0|  0|  15|           5|           1|
    |tmp_6_fu_552_p2     |     +    |      0|  0|  15|           5|           2|
    |tmp_8_fu_577_p2     |     +    |      0|  0|  15|           5|           2|
    |tmp_s_fu_602_p2     |     +    |      0|  0|  15|           5|           3|
    |tmp_36_fu_487_p2    |    and   |      0|  0|   2|           1|           1|
    |exitcond_fu_405_p2  |   icmp   |      0|  0|  13|          11|          11|
    |notlhs_fu_469_p2    |   icmp   |      0|  0|  13|          11|           2|
    |notrhs_fu_475_p2    |   icmp   |      0|  0|  29|          52|           1|
    |tmp_2_fu_502_p2     |   icmp   |      0|  0|  11|           5|           5|
    |tmp_34_fu_481_p2    |    or    |      0|  0|   2|           1|           1|
    |class_hw            |  select  |      0|  0|   2|           1|           1|
    +--------------------+----------+-------+---+----+------------+------------+
    |Total               |          |      0|  0| 450|         298|         208|
    +--------------------+----------+-------+---+----+------------+------------+

    * Multiplexer: 
    +-------------------+-----+-----------+-----+-----------+
    |        Name       | LUT | Input Size| Bits| Total Bits|
    +-------------------+-----+-----------+-----+-----------+
    |SupVec_address0    |   44|          9|   15|        135|
    |ap_NS_fsm          |  409|         94|    1|         94|
    |grp_fu_322_opcode  |   15|          3|    2|          6|
    |grp_fu_322_p0      |   21|          4|   32|        128|
    |grp_fu_322_p1      |   21|          4|   32|        128|
    |grp_fu_330_p0      |   15|          3|   32|         96|
    |grp_fu_330_p1      |   15|          3|   32|         96|
    |grp_fu_338_p0      |   15|          3|   32|         96|
    |grp_fu_342_p0      |   15|          3|   64|        192|
    |grp_fu_342_p1      |   15|          3|   64|        192|
    |grp_fu_348_p1      |   15|          3|   64|        192|
    |i_reg_288          |    9|          2|   11|         22|
    |j_reg_310          |    9|          2|    5|         10|
    |norm_reg_299       |    9|          2|   32|         64|
    |reg_369            |    9|          2|   32|         64|
    |sum_reg_276        |    9|          2|   64|        128|
    |x_address0         |   33|          6|    5|         30|
    |x_address1         |   27|          5|    5|         25|
    +-------------------+-----+-----------+-----+-----------+
    |Total              |  705|        153|  524|       1698|
    +-------------------+-----+-----------+-----+-----------+

    * Register: 
    +-----------------------+----+----+-----+-----------+
    |          Name         | FF | LUT| Bits| Const Bits|
    +-----------------------+----+----+-----+-----------+
    |Co_load_reg_888        |  32|   0|   32|          0|
    |SupVec_load_1_reg_792  |  32|   0|   32|          0|
    |ap_CS_fsm              |  93|   0|   93|          0|
    |dif1_reg_807           |  32|   0|   32|          0|
    |i_1_reg_736            |  11|   0|   11|          0|
    |i_reg_288              |  11|   0|   11|          0|
    |j_1_reg_878            |   5|   0|    5|          0|
    |j_reg_310              |   5|   0|    5|          0|
    |mul1_reg_823           |  32|   0|   32|          0|
    |norm_reg_299           |  32|   0|   32|          0|
    |reg_364                |  64|   0|   64|          0|
    |reg_369                |  32|   0|   32|          0|
    |reg_375                |  32|   0|   32|          0|
    |reg_380                |  32|   0|   32|          0|
    |reg_387                |  32|   0|   32|          0|
    |reg_393                |  32|   0|   32|          0|
    |reg_399                |  64|   0|   64|          0|
    |sum_reg_276            |  64|   0|   64|          0|
    |tmp_1_reg_741          |  11|   0|   64|         53|
    |tmp_29_reg_893         |  64|   0|   64|          0|
    |tmp_31_reg_898         |  64|   0|   64|          0|
    |tmp_39_reg_746         |  15|   0|   16|          1|
    |x_load_1_reg_787       |  32|   0|   32|          0|
    +-----------------------+----+----+-----+-----------+
    |Total                  | 823|   0|  877|         54|
    +-----------------------+----+----+-----+-----------+



================================================================
== Interface
================================================================
* Summary: 
+-----------------+-----+-----+------------+--------------+--------------+
|    RTL Ports    | Dir | Bits|  Protocol  | Source Object|    C Type    |
+-----------------+-----+-----+------------+--------------+--------------+
|ap_clk           |  in |    1| ap_ctrl_hs |      svm     | return value |
|ap_rst           |  in |    1| ap_ctrl_hs |      svm     | return value |
|ap_start         |  in |    1| ap_ctrl_hs |      svm     | return value |
|ap_done          | out |    1| ap_ctrl_hs |      svm     | return value |
|ap_idle          | out |    1| ap_ctrl_hs |      svm     | return value |
|ap_ready         | out |    1| ap_ctrl_hs |      svm     | return value |
|class_hw         | out |   16|   ap_vld   |   class_hw   |    pointer   |
|class_hw_ap_vld  | out |    1|   ap_vld   |   class_hw   |    pointer   |
|x_address0       | out |    5|  ap_memory |       x      |     array    |
|x_ce0            | out |    1|  ap_memory |       x      |     array    |
|x_q0             |  in |   32|  ap_memory |       x      |     array    |
|x_address1       | out |    5|  ap_memory |       x      |     array    |
|x_ce1            | out |    1|  ap_memory |       x      |     array    |
|x_q1             |  in |   32|  ap_memory |       x      |     array    |
+-----------------+-----+-----+------------+--------------+--------------+

